Device: cuda
Frozen encoder from runs/gpu_v22_jac/ckpt_final.pt (run gpu_v22_jac, step 100000)

                                                                             


  val = self.func(instance)

                                                                          

                                                            

                                                                     
[ckpt_aux] test MAE len 1.2845 A, ang 15.008 deg

=== arm attnpool: 530,694 head params, 12720 steps ===
  ep 0 step 50/12720 loss 0.9604 (2s)
  ep 0 step 100/12720 loss 0.9332 (4s)
  ep 0 step 150/12720 loss 0.8689 (5s)
  ep 0 step 200/12720 loss 0.8627 (7s)
  ep 0 step 250/12720 loss 0.8944 (9s)
  ep 0 step 300/12720 loss 0.8580 (10s)
  ep 0 step 350/12720 loss 0.9451 (12s)
  ep 0 step 400/12720 loss 0.9270 (13s)
  [attnpool] epoch 0: test MAE len 1.4465 A (abc [1.3551, 1.2389, 1.7454]), ang 17.395 deg, frac<0.5A 0.187
  ep 1 step 450/12720 loss 0.4634 (15s)
  ep 1 step 500/12720 loss 0.8653 (17s)
  ep 1 step 550/12720 loss 0.9150 (19s)
  ep 1 step 600/12720 loss 0.9166 (20s)
  ep 1 step 650/12720 loss 0.8624 (22s)
  ep 1 step 700/12720 loss 0.8564 (23s)
  ep 1 step 750/12720 loss 0.8412 (25s)
  ep 1 step 800/12720 loss 0.8287 (27s)
  [attnpool] epoch 1: test MAE len 1.4 A (abc [1.3171, 1.1957, 1.6873]), ang 17.686 deg, frac<0.5A 0.188
  ep 2 step 850/12720 loss 0.0278 (29s)
  ep 2 step 900/12720 loss 0.7323 (30s)
  ep 2 step 950/12720 loss 0.8450 (32s)
  ep 2 step 1000/12720 loss 0.8610 (33s)
  ep 2 step 1050/12720 loss 0.8321 (35s)
  ep 2 step 1100/12720 loss 0.7723 (37s)
  ep 2 step 1150/12720 loss 0.8973 (38s)
  ep 2 step 1200/12720 loss 0.7699 (40s)
  ep 2 step 1250/12720 loss 0.8470 (42s)
  [attnpool] epoch 2: test MAE len 1.3523 A (abc [1.2813, 1.1737, 1.602]), ang 16.616 deg, frac<0.5A 0.231
  ep 3 step 1300/12720 loss 0.4885 (43s)
  ep 3 step 1350/12720 loss 0.8279 (45s)
  ep 3 step 1400/12720 loss 0.7620 (47s)
  ep 3 step 1450/12720 loss 0.7685 (48s)
  ep 3 step 1500/12720 loss 0.7934 (50s)
  ep 3 step 1550/12720 loss 0.7630 (52s)
  ep 3 step 1600/12720 loss 0.7907 (53s)
  ep 3 step 1650/12720 loss 0.7785 (55s)
  [attnpool] epoch 3: test MAE len 1.3649 A (abc [1.3022, 1.2176, 1.575]), ang 16.399 deg, frac<0.5A 0.178
  ep 4 step 1700/12720 loss 0.0666 (57s)
  ep 4 step 1750/12720 loss 0.8393 (59s)
  ep 4 step 1800/12720 loss 0.7212 (60s)
  ep 4 step 1850/12720 loss 0.7865 (62s)
  ep 4 step 1900/12720 loss 0.7733 (63s)
  ep 4 step 1950/12720 loss 0.8115 (65s)
  ep 4 step 2000/12720 loss 0.7579 (67s)
  ep 4 step 2050/12720 loss 0.7752 (68s)
  ep 4 step 2100/12720 loss 0.6827 (70s)
  [attnpool] epoch 4: test MAE len 1.3494 A (abc [1.2321, 1.1467, 1.6693]), ang 15.778 deg, frac<0.5A 0.225
  ep 5 step 2150/12720 loss 0.4833 (72s)
  ep 5 step 2200/12720 loss 0.7129 (74s)
  ep 5 step 2250/12720 loss 0.6825 (75s)
  ep 5 step 2300/12720 loss 0.8374 (77s)
  ep 5 step 2350/12720 loss 0.7569 (79s)
  ep 5 step 2400/12720 loss 0.7199 (80s)
  ep 5 step 2450/12720 loss 0.6903 (82s)
  ep 5 step 2500/12720 loss 0.7739 (84s)
  [attnpool] epoch 5: test MAE len 1.3205 A (abc [1.2409, 1.1687, 1.5519]), ang 15.56 deg, frac<0.5A 0.219
  ep 6 step 2550/12720 loss 0.0925 (86s)
  ep 6 step 2600/12720 loss 0.7173 (87s)
  ep 6 step 2650/12720 loss 0.7300 (89s)
  ep 6 step 2700/12720 loss 0.7349 (90s)
  ep 6 step 2750/12720 loss 0.7618 (92s)
  ep 6 step 2800/12720 loss 0.7064 (94s)
  ep 6 step 2850/12720 loss 0.7096 (96s)
  ep 6 step 2900/12720 loss 0.7312 (97s)
  ep 6 step 2950/12720 loss 0.7431 (99s)
  [attnpool] epoch 6: test MAE len 1.3106 A (abc [1.2629, 1.1339, 1.5349]), ang 16.872 deg, frac<0.5A 0.245
  ep 7 step 3000/12720 loss 0.4610 (101s)
  ep 7 step 3050/12720 loss 0.7220 (103s)
  ep 7 step 3100/12720 loss 0.6781 (104s)
  ep 7 step 3150/12720 loss 0.7507 (106s)
  ep 7 step 3200/12720 loss 0.6922 (108s)
  ep 7 step 3250/12720 loss 0.6945 (109s)
  ep 7 step 3300/12720 loss 0.7085 (111s)
  ep 7 step 3350/12720 loss 0.7381 (112s)
  [attnpool] epoch 7: test MAE len 1.2879 A (abc [1.24, 1.1637, 1.4599]), ang 15.587 deg, frac<0.5A 0.278
  ep 8 step 3400/12720 loss 0.1027 (114s)
  ep 8 step 3450/12720 loss 0.7648 (116s)
  ep 8 step 3500/12720 loss 0.7291 (118s)
  ep 8 step 3550/12720 loss 0.7106 (119s)
  ep 8 step 3600/12720 loss 0.7390 (121s)
  ep 8 step 3650/12720 loss 0.6947 (123s)
  ep 8 step 3700/12720 loss 0.6958 (124s)
  ep 8 step 3750/12720 loss 0.6806 (126s)
  ep 8 step 3800/12720 loss 0.6909 (128s)
  [attnpool] epoch 8: test MAE len 1.2838 A (abc [1.1994, 1.1161, 1.5359]), ang 16.106 deg, frac<0.5A 0.284
  ep 9 step 3850/12720 loss 0.4565 (130s)
  ep 9 step 3900/12720 loss 0.6805 (131s)
  ep 9 step 3950/12720 loss 0.7182 (133s)
  ep 9 step 4000/12720 loss 0.6918 (134s)
  ep 9 step 4050/12720 loss 0.6489 (136s)
  ep 9 step 4100/12720 loss 0.6378 (138s)
  ep 9 step 4150/12720 loss 0.6555 (139s)
  ep 9 step 4200/12720 loss 0.6019 (141s)
  [attnpool] epoch 9: test MAE len 1.4344 A (abc [1.3216, 1.1786, 1.8029]), ang 16.146 deg, frac<0.5A 0.151
  ep 10 step 4250/12720 loss 0.1328 (143s)
  ep 10 step 4300/12720 loss 0.6249 (145s)
  ep 10 step 4350/12720 loss 0.6461 (147s)
  ep 10 step 4400/12720 loss 0.6337 (148s)
  ep 10 step 4450/12720 loss 0.6002 (150s)
  ep 10 step 4500/12720 loss 0.6033 (152s)
  ep 10 step 4550/12720 loss 0.6112 (154s)
  ep 10 step 4600/12720 loss 0.5541 (156s)
  ep 10 step 4650/12720 loss 0.5755 (157s)
  [attnpool] epoch 10: test MAE len 1.2556 A (abc [1.2082, 1.0955, 1.4631]), ang 16.512 deg, frac<0.5A 0.257
  ep 11 step 4700/12720 loss 0.4300 (159s)
  ep 11 step 4750/12720 loss 0.5985 (161s)
  ep 11 step 4800/12720 loss 0.5663 (163s)
  ep 11 step 4850/12720 loss 0.5974 (165s)
  ep 11 step 4900/12720 loss 0.5527 (167s)
  ep 11 step 4950/12720 loss 0.5597 (169s)
  ep 11 step 5000/12720 loss 0.5684 (170s)
  ep 11 step 5050/12720 loss 0.5678 (172s)
  [attnpool] epoch 11: test MAE len 1.2017 A (abc [1.1379, 1.0509, 1.4165]), ang 15.545 deg, frac<0.5A 0.303
  ep 12 step 5100/12720 loss 0.1262 (174s)
  ep 12 step 5150/12720 loss 0.5463 (176s)
  ep 12 step 5200/12720 loss 0.5331 (177s)
  ep 12 step 5250/12720 loss 0.5640 (179s)
  ep 12 step 5300/12720 loss 0.5514 (181s)
  ep 12 step 5350/12720 loss 0.5599 (182s)
  ep 12 step 5400/12720 loss 0.5489 (184s)
  ep 12 step 5450/12720 loss 0.5292 (185s)
  ep 12 step 5500/12720 loss 0.5270 (187s)
  [attnpool] epoch 12: test MAE len 1.2066 A (abc [1.1549, 1.051, 1.414]), ang 16.265 deg, frac<0.5A 0.322
  ep 13 step 5550/12720 loss 0.3839 (189s)
  ep 13 step 5600/12720 loss 0.5277 (191s)
  ep 13 step 5650/12720 loss 0.5570 (192s)
  ep 13 step 5700/12720 loss 0.4904 (194s)
  ep 13 step 5750/12720 loss 0.5120 (196s)
  ep 13 step 5800/12720 loss 0.4968 (197s)
  ep 13 step 5850/12720 loss 0.5052 (199s)
  ep 13 step 5900/12720 loss 0.5218 (201s)
  [attnpool] epoch 13: test MAE len 1.1871 A (abc [1.156, 1.053, 1.3523]), ang 15.388 deg, frac<0.5A 0.328
  ep 14 step 5950/12720 loss 0.1447 (202s)
  ep 14 step 6000/12720 loss 0.4935 (204s)
  ep 14 step 6050/12720 loss 0.4486 (206s)
  ep 14 step 6100/12720 loss 0.4826 (207s)
  ep 14 step 6150/12720 loss 0.5023 (209s)
  ep 14 step 6200/12720 loss 0.4975 (211s)
  ep 14 step 6250/12720 loss 0.4950 (212s)
  ep 14 step 6300/12720 loss 0.5022 (214s)
  ep 14 step 6350/12720 loss 0.5012 (216s)
  [attnpool] epoch 14: test MAE len 1.1682 A (abc [1.1266, 1.021, 1.357]), ang 15.666 deg, frac<0.5A 0.316
  ep 15 step 6400/12720 loss 0.3828 (217s)
  ep 15 step 6450/12720 loss 0.4690 (219s)
  ep 15 step 6500/12720 loss 0.4647 (221s)
  ep 15 step 6550/12720 loss 0.5030 (222s)
  ep 15 step 6600/12720 loss 0.4941 (224s)
  ep 15 step 6650/12720 loss 0.4580 (226s)
  ep 15 step 6700/12720 loss 0.4629 (227s)
  ep 15 step 6750/12720 loss 0.4669 (229s)
  [attnpool] epoch 15: test MAE len 1.2254 A (abc [1.1942, 1.0583, 1.4237]), ang 14.762 deg, frac<0.5A 0.308
  ep 16 step 6800/12720 loss 0.1393 (231s)
  ep 16 step 6850/12720 loss 0.4504 (233s)
  ep 16 step 6900/12720 loss 0.4484 (234s)
  ep 16 step 6950/12720 loss 0.4541 (236s)
  ep 16 step 7000/12720 loss 0.4326 (237s)
  ep 16 step 7050/12720 loss 0.4113 (239s)
  ep 16 step 7100/12720 loss 0.4720 (241s)
  ep 16 step 7150/12720 loss 0.4620 (242s)
  ep 16 step 7200/12720 loss 0.4447 (244s)
  [attnpool] epoch 16: test MAE len 1.2036 A (abc [1.1752, 1.0891, 1.3465]), ang 15.753 deg, frac<0.5A 0.304
  ep 17 step 7250/12720 loss 0.3393 (246s)
  ep 17 step 7300/12720 loss 0.4351 (248s)
  ep 17 step 7350/12720 loss 0.4251 (249s)
  ep 17 step 7400/12720 loss 0.4274 (251s)
  ep 17 step 7450/12720 loss 0.4497 (253s)
  ep 17 step 7500/12720 loss 0.4095 (254s)
  ep 17 step 7550/12720 loss 0.4452 (256s)
  ep 17 step 7600/12720 loss 0.4292 (257s)
  [attnpool] epoch 17: test MAE len 1.176 A (abc [1.1107, 1.0034, 1.4139]), ang 15.04 deg, frac<0.5A 0.329
  ep 18 step 7650/12720 loss 0.1328 (259s)
  ep 18 step 7700/12720 loss 0.4140 (261s)
  ep 18 step 7750/12720 loss 0.4054 (263s)
  ep 18 step 7800/12720 loss 0.4328 (264s)
  ep 18 step 7850/12720 loss 0.3944 (266s)
  ep 18 step 7900/12720 loss 0.4062 (268s)
  ep 18 step 7950/12720 loss 0.3962 (269s)
  ep 18 step 8000/12720 loss 0.4030 (271s)
  ep 18 step 8050/12720 loss 0.4257 (272s)
  [attnpool] epoch 18: test MAE len 1.1484 A (abc [1.0924, 0.993, 1.3597]), ang 15.149 deg, frac<0.5A 0.346
  ep 19 step 8100/12720 loss 0.3469 (274s)
  ep 19 step 8150/12720 loss 0.3830 (276s)
  ep 19 step 8200/12720 loss 0.3940 (278s)
  ep 19 step 8250/12720 loss 0.3928 (279s)
  ep 19 step 8300/12720 loss 0.4084 (281s)
  ep 19 step 8350/12720 loss 0.4107 (283s)
  ep 19 step 8400/12720 loss 0.3977 (284s)
  ep 19 step 8450/12720 loss 0.3889 (286s)
  [attnpool] epoch 19: test MAE len 1.1701 A (abc [1.134, 1.0057, 1.3705]), ang 15.169 deg, frac<0.5A 0.336
  ep 20 step 8500/12720 loss 0.1607 (288s)
  ep 20 step 8550/12720 loss 0.3692 (289s)
  ep 20 step 8600/12720 loss 0.3727 (291s)
  ep 20 step 8650/12720 loss 0.3834 (293s)
  ep 20 step 8700/12720 loss 0.3987 (295s)
  ep 20 step 8750/12720 loss 0.3657 (296s)
  ep 20 step 8800/12720 loss 0.3771 (298s)
  ep 20 step 8850/12720 loss 0.4034 (300s)
  ep 20 step 8900/12720 loss 0.3838 (302s)
  [attnpool] epoch 20: test MAE len 1.1206 A (abc [1.0897, 0.9912, 1.281]), ang 14.926 deg, frac<0.5A 0.363
  ep 21 step 8950/12720 loss 0.3333 (304s)
  ep 21 step 9000/12720 loss 0.3805 (305s)
  ep 21 step 9050/12720 loss 0.3553 (307s)
  ep 21 step 9100/12720 loss 0.3700 (309s)
  ep 21 step 9150/12720 loss 0.3668 (310s)
  ep 21 step 9200/12720 loss 0.3807 (312s)
  ep 21 step 9250/12720 loss 0.3739 (314s)
  ep 21 step 9300/12720 loss 0.3584 (316s)
  [attnpool] epoch 21: test MAE len 1.1553 A (abc [1.1071, 0.9951, 1.3636]), ang 14.925 deg, frac<0.5A 0.345
  ep 22 step 9350/12720 loss 0.1578 (317s)
  ep 22 step 9400/12720 loss 0.3707 (319s)
  ep 22 step 9450/12720 loss 0.3687 (321s)
  ep 22 step 9500/12720 loss 0.3594 (323s)
  ep 22 step 9550/12720 loss 0.3655 (325s)
  ep 22 step 9600/12720 loss 0.3367 (326s)
  ep 22 step 9650/12720 loss 0.3622 (328s)
  ep 22 step 9700/12720 loss 0.3392 (330s)
  ep 22 step 9750/12720 loss 0.3576 (332s)
  [attnpool] epoch 22: test MAE len 1.1333 A (abc [1.1041, 0.9923, 1.3033]), ang 14.79 deg, frac<0.5A 0.355
  ep 23 step 9800/12720 loss 0.3342 (334s)
  ep 23 step 9850/12720 loss 0.3463 (335s)
  ep 23 step 9900/12720 loss 0.3475 (337s)
  ep 23 step 9950/12720 loss 0.3387 (339s)
  ep 23 step 10000/12720 loss 0.3525 (340s)
  ep 23 step 10050/12720 loss 0.3597 (342s)
  ep 23 step 10100/12720 loss 0.3469 (344s)
  ep 23 step 10150/12720 loss 0.3508 (346s)
  [attnpool] epoch 23: test MAE len 1.1358 A (abc [1.089, 0.9811, 1.3374]), ang 14.696 deg, frac<0.5A 0.353
  ep 24 step 10200/12720 loss 0.1624 (347s)
  ep 24 step 10250/12720 loss 0.3338 (349s)
  ep 24 step 10300/12720 loss 0.3301 (351s)
  ep 24 step 10350/12720 loss 0.3495 (352s)
  ep 24 step 10400/12720 loss 0.3312 (354s)
  ep 24 step 10450/12720 loss 0.3418 (356s)
  ep 24 step 10500/12720 loss 0.3417 (358s)
  ep 24 step 10550/12720 loss 0.3422 (359s)
  ep 24 step 10600/12720 loss 0.3498 (361s)
  [attnpool] epoch 24: test MAE len 1.1151 A (abc [1.0889, 0.9694, 1.2871]), ang 14.577 deg, frac<0.5A 0.358
  ep 25 step 10650/12720 loss 0.3305 (363s)
  ep 25 step 10700/12720 loss 0.3257 (365s)
  ep 25 step 10750/12720 loss 0.3461 (367s)
  ep 25 step 10800/12720 loss 0.3268 (369s)
  ep 25 step 10850/12720 loss 0.3190 (370s)
  ep 25 step 10900/12720 loss 0.3273 (372s)
  ep 25 step 10950/12720 loss 0.3301 (374s)
  ep 25 step 11000/12720 loss 0.3320 (376s)
  [attnpool] epoch 25: test MAE len 1.1204 A (abc [1.0871, 0.9709, 1.3033]), ang 14.543 deg, frac<0.5A 0.359
  ep 26 step 11050/12720 loss 0.1662 (378s)
  ep 26 step 11100/12720 loss 0.3282 (380s)
  ep 26 step 11150/12720 loss 0.3370 (381s)
  ep 26 step 11200/12720 loss 0.3282 (383s)
  ep 26 step 11250/12720 loss 0.3298 (385s)
  ep 26 step 11300/12720 loss 0.3275 (386s)
  ep 26 step 11350/12720 loss 0.3212 (388s)
  ep 26 step 11400/12720 loss 0.3259 (390s)
  [attnpool] epoch 26: test MAE len 1.1183 A (abc [1.0876, 0.9732, 1.294]), ang 14.65 deg, frac<0.5A 0.363
  ep 27 step 11450/12720 loss 0.0141 (392s)
  ep 27 step 11500/12720 loss 0.3248 (394s)
  ep 27 step 11550/12720 loss 0.3199 (395s)
  ep 27 step 11600/12720 loss 0.3288 (397s)
  ep 27 step 11650/12720 loss 0.3268 (399s)
  ep 27 step 11700/12720 loss 0.3163 (400s)
  ep 27 step 11750/12720 loss 0.3313 (402s)
  ep 27 step 11800/12720 loss 0.3221 (404s)
  ep 27 step 11850/12720 loss 0.3158 (405s)
  [attnpool] epoch 27: test MAE len 1.1223 A (abc [1.0897, 0.9757, 1.3014]), ang 14.549 deg, frac<0.5A 0.358
  ep 28 step 11900/12720 loss 0.1750 (407s)
  ep 28 step 11950/12720 loss 0.3038 (409s)
  ep 28 step 12000/12720 loss 0.3353 (411s)
  ep 28 step 12050/12720 loss 0.3251 (412s)
  ep 28 step 12100/12720 loss 0.3456 (414s)
  ep 28 step 12150/12720 loss 0.3164 (416s)
  ep 28 step 12200/12720 loss 0.3083 (417s)
  ep 28 step 12250/12720 loss 0.3099 (419s)
  [attnpool] epoch 28: test MAE len 1.1245 A (abc [1.0887, 0.977, 1.308]), ang 14.637 deg, frac<0.5A 0.359
  ep 29 step 12300/12720 loss 0.0277 (421s)
  ep 29 step 12350/12720 loss 0.3165 (423s)
  ep 29 step 12400/12720 loss 0.3115 (425s)
  ep 29 step 12450/12720 loss 0.3180 (427s)
  ep 29 step 12500/12720 loss 0.3274 (428s)
  ep 29 step 12550/12720 loss 0.3039 (430s)
  ep 29 step 12600/12720 loss 0.3269 (432s)
  ep 29 step 12650/12720 loss 0.3130 (434s)
  ep 29 step 12700/12720 loss 0.3417 (436s)
  [attnpool] epoch 29: test MAE len 1.1227 A (abc [1.0886, 0.9764, 1.3031]), ang 14.642 deg, frac<0.5A 0.357

=== summary (test, final epoch) ===
ckpt_aux   len MAE 1.284 A  ang MAE 15.01 deg  frac<0.5A 0.307
attnpool   len MAE 1.123 A  ang MAE 14.64 deg  frac<0.5A 0.357
wrote paper/phase15_results/pooling_ablation_v22_attn30/pooling_ablation.json
