Device: cuda
Frozen encoder from runs/gpu_v22_jac/ckpt_final.pt (run gpu_v22_jac, step 100000)

                                                                             


  val = self.func(instance)

                                                                          

                                                            

                                                                     
[ckpt_aux] test MAE len 1.2845 A, ang 15.008 deg

=== arm gpool: 67,334 head params, 4240 steps ===
  ep 0 step 50/4240 loss 1.0153 (1s)
  ep 0 step 100/4240 loss 0.6189 (1s)
  ep 0 step 150/4240 loss 0.5437 (2s)
  ep 0 step 200/4240 loss 0.4434 (3s)
  ep 0 step 250/4240 loss 0.4258 (3s)
  ep 0 step 300/4240 loss 0.3741 (4s)
  ep 0 step 350/4240 loss 0.3364 (4s)
  ep 0 step 400/4240 loss 0.3211 (5s)
  [gpool] epoch 0: test MAE len 1.3731 A (abc [1.3236, 1.1731, 1.6227]), ang 15.956 deg, frac<0.5A 0.238
  ep 1 step 450/4240 loss 0.1478 (6s)
  ep 1 step 500/4240 loss 0.2862 (6s)
  ep 1 step 550/4240 loss 0.2802 (7s)
  ep 1 step 600/4240 loss 0.2608 (7s)
  ep 1 step 650/4240 loss 0.2645 (8s)
  ep 1 step 700/4240 loss 0.2354 (9s)
  ep 1 step 750/4240 loss 0.2405 (9s)
  ep 1 step 800/4240 loss 0.2203 (10s)
  [gpool] epoch 1: test MAE len 1.3244 A (abc [1.2795, 1.1345, 1.5593]), ang 15.782 deg, frac<0.5A 0.268
  ep 2 step 850/4240 loss 0.0114 (10s)
  ep 2 step 900/4240 loss 0.2120 (11s)
  ep 2 step 950/4240 loss 0.2084 (12s)
  ep 2 step 1000/4240 loss 0.2002 (12s)
  ep 2 step 1050/4240 loss 0.2018 (13s)
  ep 2 step 1100/4240 loss 0.1922 (13s)
  ep 2 step 1150/4240 loss 0.1817 (14s)
  ep 2 step 1200/4240 loss 0.2063 (14s)
  ep 2 step 1250/4240 loss 0.1983 (15s)
  [gpool] epoch 2: test MAE len 1.3172 A (abc [1.2611, 1.1236, 1.5668]), ang 15.777 deg, frac<0.5A 0.27
  ep 3 step 1300/4240 loss 0.1063 (16s)
  ep 3 step 1350/4240 loss 0.1721 (16s)
  ep 3 step 1400/4240 loss 0.1623 (17s)
  ep 3 step 1450/4240 loss 0.1734 (17s)
  ep 3 step 1500/4240 loss 0.1970 (18s)
  ep 3 step 1550/4240 loss 0.1711 (19s)
  ep 3 step 1600/4240 loss 0.1791 (19s)
  ep 3 step 1650/4240 loss 0.1740 (20s)
  [gpool] epoch 3: test MAE len 1.3084 A (abc [1.251, 1.117, 1.5573]), ang 15.686 deg, frac<0.5A 0.276
  ep 4 step 1700/4240 loss 0.0121 (20s)
  ep 4 step 1750/4240 loss 0.1747 (21s)
  ep 4 step 1800/4240 loss 0.1659 (22s)
  ep 4 step 1850/4240 loss 0.1667 (22s)
  ep 4 step 1900/4240 loss 0.1563 (23s)
  ep 4 step 1950/4240 loss 0.1582 (23s)
  ep 4 step 2000/4240 loss 0.1536 (24s)
  ep 4 step 2050/4240 loss 0.1647 (24s)
  ep 4 step 2100/4240 loss 0.1460 (25s)
  [gpool] epoch 4: test MAE len 1.3034 A (abc [1.2461, 1.1044, 1.5598]), ang 15.606 deg, frac<0.5A 0.273
  ep 5 step 2150/4240 loss 0.0920 (26s)
  ep 5 step 2200/4240 loss 0.1614 (26s)
  ep 5 step 2250/4240 loss 0.1424 (27s)
  ep 5 step 2300/4240 loss 0.1434 (27s)
  ep 5 step 2350/4240 loss 0.1514 (28s)
  ep 5 step 2400/4240 loss 0.1556 (29s)
  ep 5 step 2450/4240 loss 0.1491 (29s)
  ep 5 step 2500/4240 loss 0.1517 (30s)
  [gpool] epoch 5: test MAE len 1.2969 A (abc [1.2399, 1.102, 1.5488]), ang 15.546 deg, frac<0.5A 0.283
  ep 6 step 2550/4240 loss 0.0199 (30s)
  ep 6 step 2600/4240 loss 0.1388 (31s)
  ep 6 step 2650/4240 loss 0.1560 (31s)
  ep 6 step 2700/4240 loss 0.1525 (32s)
  ep 6 step 2750/4240 loss 0.1303 (33s)
  ep 6 step 2800/4240 loss 0.1472 (33s)
  ep 6 step 2850/4240 loss 0.1580 (34s)
  ep 6 step 2900/4240 loss 0.1373 (34s)
  ep 6 step 2950/4240 loss 0.1440 (35s)
  [gpool] epoch 6: test MAE len 1.295 A (abc [1.2429, 1.0962, 1.5458]), ang 15.495 deg, frac<0.5A 0.28
  ep 7 step 3000/4240 loss 0.0833 (36s)
  ep 7 step 3050/4240 loss 0.1299 (36s)
  ep 7 step 3100/4240 loss 0.1457 (37s)
  ep 7 step 3150/4240 loss 0.1436 (37s)
  ep 7 step 3200/4240 loss 0.1462 (38s)
  ep 7 step 3250/4240 loss 0.1429 (39s)
  ep 7 step 3300/4240 loss 0.1445 (39s)
  ep 7 step 3350/4240 loss 0.1451 (40s)
  [gpool] epoch 7: test MAE len 1.2961 A (abc [1.2396, 1.0964, 1.5522]), ang 15.518 deg, frac<0.5A 0.278
  ep 8 step 3400/4240 loss 0.0214 (40s)
  ep 8 step 3450/4240 loss 0.1412 (41s)
  ep 8 step 3500/4240 loss 0.1335 (42s)
  ep 8 step 3550/4240 loss 0.1365 (42s)
  ep 8 step 3600/4240 loss 0.1362 (43s)
  ep 8 step 3650/4240 loss 0.1516 (43s)
  ep 8 step 3700/4240 loss 0.1408 (44s)
  ep 8 step 3750/4240 loss 0.1358 (44s)
  ep 8 step 3800/4240 loss 0.1347 (45s)
  [gpool] epoch 8: test MAE len 1.2955 A (abc [1.2393, 1.0961, 1.551]), ang 15.51 deg, frac<0.5A 0.279
  ep 9 step 3850/4240 loss 0.1069 (46s)
  ep 9 step 3900/4240 loss 0.1455 (46s)
  ep 9 step 3950/4240 loss 0.1360 (47s)
  ep 9 step 4000/4240 loss 0.1348 (47s)
  ep 9 step 4050/4240 loss 0.1297 (48s)
  ep 9 step 4100/4240 loss 0.1417 (49s)
  ep 9 step 4150/4240 loss 0.1379 (49s)
  ep 9 step 4200/4240 loss 0.1327 (50s)
  [gpool] epoch 9: test MAE len 1.2949 A (abc [1.2384, 1.0953, 1.5509]), ang 15.517 deg, frac<0.5A 0.281

=== arm attnpool: 530,694 head params, 4240 steps ===
  ep 0 step 50/4240 loss 0.9605 (2s)
  ep 0 step 100/4240 loss 0.9332 (4s)
  ep 0 step 150/4240 loss 0.8690 (5s)
  ep 0 step 200/4240 loss 0.8629 (7s)
  ep 0 step 250/4240 loss 0.8924 (9s)
  ep 0 step 300/4240 loss 0.8554 (11s)
  ep 0 step 350/4240 loss 0.9399 (12s)
  ep 0 step 400/4240 loss 0.9253 (14s)
  [attnpool] epoch 0: test MAE len 1.4936 A (abc [1.3562, 1.2516, 1.873]), ang 17.762 deg, frac<0.5A 0.166
  ep 1 step 450/4240 loss 0.4657 (16s)
  ep 1 step 500/4240 loss 0.8647 (18s)
  ep 1 step 550/4240 loss 0.9167 (19s)
  ep 1 step 600/4240 loss 0.9193 (21s)
  ep 1 step 650/4240 loss 0.8540 (23s)
  ep 1 step 700/4240 loss 0.8520 (24s)
  ep 1 step 750/4240 loss 0.8304 (26s)
  ep 1 step 800/4240 loss 0.8210 (28s)
  [attnpool] epoch 1: test MAE len 1.6168 A (abc [1.632, 1.451, 1.7673]), ang 17.745 deg, frac<0.5A 0.116
  ep 2 step 850/4240 loss 0.0291 (30s)
  ep 2 step 900/4240 loss 0.7375 (32s)
  ep 2 step 950/4240 loss 0.8455 (33s)
  ep 2 step 1000/4240 loss 0.8502 (35s)
  ep 2 step 1050/4240 loss 0.8401 (37s)
  ep 2 step 1100/4240 loss 0.7857 (38s)
  ep 2 step 1150/4240 loss 0.8572 (40s)
  ep 2 step 1200/4240 loss 0.7564 (42s)
  ep 2 step 1250/4240 loss 0.8482 (44s)
  [attnpool] epoch 2: test MAE len 1.3589 A (abc [1.2958, 1.1798, 1.601]), ang 16.696 deg, frac<0.5A 0.208
  ep 3 step 1300/4240 loss 0.4800 (46s)
  ep 3 step 1350/4240 loss 0.8312 (47s)
  ep 3 step 1400/4240 loss 0.7488 (49s)
  ep 3 step 1450/4240 loss 0.7740 (51s)
  ep 3 step 1500/4240 loss 0.8062 (52s)
  ep 3 step 1550/4240 loss 0.7509 (54s)
  ep 3 step 1600/4240 loss 0.7963 (56s)
  ep 3 step 1650/4240 loss 0.7755 (58s)
  [attnpool] epoch 3: test MAE len 1.3616 A (abc [1.3093, 1.2216, 1.554]), ang 17.742 deg, frac<0.5A 0.206
  ep 4 step 1700/4240 loss 0.0666 (60s)
  ep 4 step 1750/4240 loss 0.8267 (61s)
  ep 4 step 1800/4240 loss 0.7175 (63s)
  ep 4 step 1850/4240 loss 0.7646 (65s)
  ep 4 step 1900/4240 loss 0.7515 (67s)
  ep 4 step 1950/4240 loss 0.7931 (69s)
  ep 4 step 2000/4240 loss 0.7445 (70s)
  ep 4 step 2050/4240 loss 0.7519 (72s)
  ep 4 step 2100/4240 loss 0.6710 (74s)
  [attnpool] epoch 4: test MAE len 1.2887 A (abc [1.215, 1.133, 1.518]), ang 15.913 deg, frac<0.5A 0.249
  ep 5 step 2150/4240 loss 0.4669 (76s)
  ep 5 step 2200/4240 loss 0.6900 (78s)
  ep 5 step 2250/4240 loss 0.6660 (79s)
  ep 5 step 2300/4240 loss 0.8108 (81s)
  ep 5 step 2350/4240 loss 0.7391 (83s)
  ep 5 step 2400/4240 loss 0.6951 (85s)
  ep 5 step 2450/4240 loss 0.6682 (86s)
  ep 5 step 2500/4240 loss 0.7517 (88s)
  [attnpool] epoch 5: test MAE len 1.2607 A (abc [1.1925, 1.092, 1.4976]), ang 15.745 deg, frac<0.5A 0.277
  ep 6 step 2550/4240 loss 0.0913 (90s)
  ep 6 step 2600/4240 loss 0.6945 (92s)
  ep 6 step 2650/4240 loss 0.7041 (93s)
  ep 6 step 2700/4240 loss 0.7014 (95s)
  ep 6 step 2750/4240 loss 0.7382 (97s)
  ep 6 step 2800/4240 loss 0.6874 (99s)
  ep 6 step 2850/4240 loss 0.6891 (100s)
  ep 6 step 2900/4240 loss 0.6966 (102s)
  ep 6 step 2950/4240 loss 0.7090 (104s)
  [attnpool] epoch 6: test MAE len 1.2531 A (abc [1.1892, 1.091, 1.4791]), ang 15.81 deg, frac<0.5A 0.297
  ep 7 step 3000/4240 loss 0.4448 (106s)
  ep 7 step 3050/4240 loss 0.6783 (108s)
  ep 7 step 3100/4240 loss 0.6488 (109s)
  ep 7 step 3150/4240 loss 0.7050 (111s)
  ep 7 step 3200/4240 loss 0.6622 (113s)
  ep 7 step 3250/4240 loss 0.6522 (115s)
  ep 7 step 3300/4240 loss 0.6612 (117s)
  ep 7 step 3350/4240 loss 0.7177 (118s)
  [attnpool] epoch 7: test MAE len 1.2351 A (abc [1.1846, 1.094, 1.4268]), ang 15.633 deg, frac<0.5A 0.283
  ep 8 step 3400/4240 loss 0.0951 (120s)
  ep 8 step 3450/4240 loss 0.6875 (122s)
  ep 8 step 3500/4240 loss 0.6798 (123s)
  ep 8 step 3550/4240 loss 0.6629 (125s)
  ep 8 step 3600/4240 loss 0.6689 (127s)
  ep 8 step 3650/4240 loss 0.6437 (128s)
  ep 8 step 3700/4240 loss 0.6551 (130s)
  ep 8 step 3750/4240 loss 0.6243 (132s)
  ep 8 step 3800/4240 loss 0.6287 (133s)
  [attnpool] epoch 8: test MAE len 1.2105 A (abc [1.1549, 1.069, 1.4076]), ang 15.509 deg, frac<0.5A 0.297
  ep 9 step 3850/4240 loss 0.4410 (135s)
  ep 9 step 3900/4240 loss 0.6409 (137s)
  ep 9 step 3950/4240 loss 0.6659 (139s)
  ep 9 step 4000/4240 loss 0.6580 (141s)
  ep 9 step 4050/4240 loss 0.6251 (142s)
  ep 9 step 4100/4240 loss 0.6242 (144s)
  ep 9 step 4150/4240 loss 0.6504 (146s)
  ep 9 step 4200/4240 loss 0.6147 (148s)
  [attnpool] epoch 9: test MAE len 1.2053 A (abc [1.1498, 1.0607, 1.4056]), ang 15.446 deg, frac<0.5A 0.293

=== arm peaks: 209,158 head params, 4240 steps ===
  ep 0 step 50/4240 loss 0.9749 (0s)
  ep 0 step 100/4240 loss 0.6368 (1s)
  ep 0 step 150/4240 loss 0.5609 (2s)
  ep 0 step 200/4240 loss 0.4818 (2s)
  ep 0 step 250/4240 loss 0.4102 (3s)
  ep 0 step 300/4240 loss 0.3591 (3s)
  ep 0 step 350/4240 loss 0.3432 (4s)
  ep 0 step 400/4240 loss 0.3286 (4s)
  [peaks] epoch 0: test MAE len 1.3447 A (abc [1.2775, 1.148, 1.6085]), ang 15.634 deg, frac<0.5A 0.253
  ep 1 step 450/4240 loss 0.1573 (5s)
  ep 1 step 500/4240 loss 0.2681 (6s)
  ep 1 step 550/4240 loss 0.2759 (6s)
  ep 1 step 600/4240 loss 0.2614 (7s)
  ep 1 step 650/4240 loss 0.2615 (8s)
  ep 1 step 700/4240 loss 0.2429 (8s)
  ep 1 step 750/4240 loss 0.2497 (9s)
  ep 1 step 800/4240 loss 0.2097 (10s)
  [peaks] epoch 1: test MAE len 1.3308 A (abc [1.2684, 1.1452, 1.5789]), ang 15.507 deg, frac<0.5A 0.27
  ep 2 step 850/4240 loss 0.0085 (10s)
  ep 2 step 900/4240 loss 0.2048 (11s)
  ep 2 step 950/4240 loss 0.2148 (12s)
  ep 2 step 1000/4240 loss 0.2025 (12s)
  ep 2 step 1050/4240 loss 0.2120 (13s)
  ep 2 step 1100/4240 loss 0.1910 (14s)
  ep 2 step 1150/4240 loss 0.1985 (14s)
  ep 2 step 1200/4240 loss 0.1764 (15s)
  ep 2 step 1250/4240 loss 0.1839 (16s)
  [peaks] epoch 2: test MAE len 1.3145 A (abc [1.2643, 1.1232, 1.5561]), ang 15.64 deg, frac<0.5A 0.279
  ep 3 step 1300/4240 loss 0.1139 (16s)
  ep 3 step 1350/4240 loss 0.1824 (17s)
  ep 3 step 1400/4240 loss 0.1740 (18s)
  ep 3 step 1450/4240 loss 0.1697 (18s)
  ep 3 step 1500/4240 loss 0.1701 (19s)
  ep 3 step 1550/4240 loss 0.1608 (19s)
  ep 3 step 1600/4240 loss 0.1777 (20s)
  ep 3 step 1650/4240 loss 0.1760 (21s)
  [peaks] epoch 3: test MAE len 1.3063 A (abc [1.2517, 1.1048, 1.5623]), ang 15.548 deg, frac<0.5A 0.288
  ep 4 step 1700/4240 loss 0.0095 (22s)
  ep 4 step 1750/4240 loss 0.1557 (22s)
  ep 4 step 1800/4240 loss 0.1629 (23s)
  ep 4 step 1850/4240 loss 0.1524 (23s)
  ep 4 step 1900/4240 loss 0.1664 (24s)
  ep 4 step 1950/4240 loss 0.1597 (25s)
  ep 4 step 2000/4240 loss 0.1523 (25s)
  ep 4 step 2050/4240 loss 0.1630 (26s)
  ep 4 step 2100/4240 loss 0.1530 (27s)
  [peaks] epoch 4: test MAE len 1.3006 A (abc [1.2518, 1.1012, 1.5488]), ang 15.616 deg, frac<0.5A 0.283
  ep 5 step 2150/4240 loss 0.0881 (27s)
  ep 5 step 2200/4240 loss 0.1467 (28s)
  ep 5 step 2250/4240 loss 0.1481 (29s)
  ep 5 step 2300/4240 loss 0.1476 (29s)
  ep 5 step 2350/4240 loss 0.1568 (30s)
  ep 5 step 2400/4240 loss 0.1590 (31s)
  ep 5 step 2450/4240 loss 0.1412 (31s)
  ep 5 step 2500/4240 loss 0.1359 (32s)
  [peaks] epoch 5: test MAE len 1.2831 A (abc [1.2338, 1.0858, 1.5297]), ang 15.409 deg, frac<0.5A 0.297
  ep 6 step 2550/4240 loss 0.0158 (33s)
  ep 6 step 2600/4240 loss 0.1536 (33s)
  ep 6 step 2650/4240 loss 0.1407 (34s)
  ep 6 step 2700/4240 loss 0.1451 (35s)
  ep 6 step 2750/4240 loss 0.1330 (35s)
  ep 6 step 2800/4240 loss 0.1400 (36s)
  ep 6 step 2850/4240 loss 0.1334 (37s)
  ep 6 step 2900/4240 loss 0.1392 (37s)
  ep 6 step 2950/4240 loss 0.1458 (38s)
  [peaks] epoch 6: test MAE len 1.2899 A (abc [1.24, 1.0856, 1.544]), ang 15.52 deg, frac<0.5A 0.295
  ep 7 step 3000/4240 loss 0.0794 (39s)
  ep 7 step 3050/4240 loss 0.1412 (39s)
  ep 7 step 3100/4240 loss 0.1281 (40s)
  ep 7 step 3150/4240 loss 0.1401 (40s)
  ep 7 step 3200/4240 loss 0.1417 (41s)
  ep 7 step 3250/4240 loss 0.1402 (42s)
  ep 7 step 3300/4240 loss 0.1315 (42s)
  ep 7 step 3350/4240 loss 0.1432 (43s)
  [peaks] epoch 7: test MAE len 1.2874 A (abc [1.2368, 1.0882, 1.5372]), ang 15.407 deg, frac<0.5A 0.3
  ep 8 step 3400/4240 loss 0.0195 (44s)
  ep 8 step 3450/4240 loss 0.1310 (44s)
  ep 8 step 3500/4240 loss 0.1436 (45s)
  ep 8 step 3550/4240 loss 0.1348 (46s)
  ep 8 step 3600/4240 loss 0.1342 (46s)
  ep 8 step 3650/4240 loss 0.1347 (47s)
  ep 8 step 3700/4240 loss 0.1271 (48s)
  ep 8 step 3750/4240 loss 0.1387 (48s)
  ep 8 step 3800/4240 loss 0.1357 (49s)
  [peaks] epoch 8: test MAE len 1.2839 A (abc [1.232, 1.0833, 1.5364]), ang 15.419 deg, frac<0.5A 0.304
  ep 9 step 3850/4240 loss 0.0885 (50s)
  ep 9 step 3900/4240 loss 0.1279 (51s)
  ep 9 step 3950/4240 loss 0.1275 (51s)
  ep 9 step 4000/4240 loss 0.1209 (52s)
  ep 9 step 4050/4240 loss 0.1463 (52s)
  ep 9 step 4100/4240 loss 0.1339 (53s)
  ep 9 step 4150/4240 loss 0.1408 (54s)
  ep 9 step 4200/4240 loss 0.1361 (54s)
  [peaks] epoch 9: test MAE len 1.2838 A (abc [1.2327, 1.0834, 1.5352]), ang 15.42 deg, frac<0.5A 0.303

=== summary (test, final epoch) ===
ckpt_aux   len MAE 1.284 A  ang MAE 15.01 deg  frac<0.5A 0.307
gpool      len MAE 1.295 A  ang MAE 15.52 deg  frac<0.5A 0.281
attnpool   len MAE 1.205 A  ang MAE 15.45 deg  frac<0.5A 0.293
peaks      len MAE 1.284 A  ang MAE 15.42 deg  frac<0.5A 0.303
wrote paper/phase15_results/pooling_ablation_v22/pooling_ablation.json
