Loaded checkpoint: step=100000, d_model=256, predict_x0=True, lat_head=Aux, sg_head=False
Phase 4.1: ensemble n_samples=20, eta=0.0
Phase 4.2: Rietveld refinement steps=200, lr=0.001, refine_lattice=False

  val = self.func(instance)

  val = self.func(instance)

                                                                       
Aux-head lattice MAE vs true (a,b,c in Å, α,β,γ in °):
  a=1.239  b=1.076  c=1.538  α=13.68  β=12.36  γ=18.98
Aux-head lattice validity: 997/1000 (99.7%)
Phase 9.1: indexed-cell lattice — 1000/1000 covered (100.0%); 0 uncovered scored as MISS
  indexed-cell MAE vs true (covered rows): a=2.504 b=1.825 c=2.405  α=17.44 β=18.48 γ=21.44
Ensemble: 1000 patterns x 20 candidates in chunks of 32 (32 chunks)
Refinement: 200 Adam steps @ lr=0.001, refine_lattice=False
  chunk 3/32 done (sample=17.0s  select=1.3s  refine=4.6s)
  chunk 6/32 done (sample=33.8s  select=2.6s  refine=8.0s)
  chunk 9/32 done (sample=50.6s  select=3.8s  refine=11.4s)
  chunk 12/32 done (sample=67.4s  select=5.0s  refine=14.6s)
  chunk 15/32 done (sample=84.3s  select=6.2s  refine=17.8s)
  chunk 18/32 done (sample=101.1s  select=7.5s  refine=21.1s)
  chunk 21/32 done (sample=118.0s  select=8.7s  refine=24.5s)
  chunk 24/32 done (sample=134.8s  select=9.9s  refine=27.4s)
  chunk 27/32 done (sample=151.7s  select=11.1s  refine=31.0s)
  chunk 30/32 done (sample=168.5s  select=12.4s  refine=34.2s)
  chunk 32/32 done (sample=175.6s  select=12.9s  refine=35.8s)
Total: sample=175.6s  select=12.9s  refine=35.8s
Selected-candidate pearson: mean=0.381 median=0.342
Refinement loss avg first->last: 0.6172 -> 0.3930
        mp-10009  comp=Y  sg@0.1=N  rmsd=  NaN  rwp=20.172  pearson=0.124  all=N
      mp-1218989  comp=Y  sg@0.1=N  rmsd=  NaN  rwp=13.418  pearson=-0.009  all=N
      mp-1225695  comp=Y  sg@0.1=N  rmsd=  NaN  rwp=24.381  pearson=-0.009  all=N
      mp-1220884  comp=Y  sg@0.1=N  rmsd=  NaN  rwp=4.992  pearson=0.719  all=N
      mp-1224266  comp=Y  sg@0.1=N  rmsd=  NaN  rwp=9.103  pearson=0.239  all=N
      mp-1002572  comp=Y  sg@0.1=N  rmsd=  NaN  rwp=9.467  pearson=0.848  all=N
       mp-626680  comp=Y  sg@0.1=N  rmsd=  NaN  rwp=13.817  pearson=-0.008  all=N
      mp-1228956  comp=Y  sg@0.1=N  rmsd=  NaN  rwp=5.625  pearson=0.197  all=N
      mp-1219335  comp=Y  sg@0.1=N  rmsd=  NaN  rwp=8.960  pearson=0.273  all=N
      mp-1219027  comp=Y  sg@0.1=N  rmsd=  NaN  rwp=8.378  pearson=0.038  all=N
       mp-867922  comp=Y  sg@0.1=N  rmsd=  NaN  rwp=23.189  pearson=-0.008  all=N
         mp-4073  comp=Y  sg@0.1=N  rmsd=  NaN  rwp=15.694  pearson=-0.014  all=N
        mp-11131  comp=Y  sg@0.1=N  rmsd=  NaN  rwp=6.944  pearson=0.313  all=N
      mp-1215627  comp=Y  sg@0.1=N  rmsd=  NaN  rwp=23.121  pearson=0.227  all=N
      mp-1223834  comp=Y  sg@0.1=N  rmsd=  NaN  rwp=11.841  pearson=0.174  all=N
      mp-1516449  comp=Y  sg@0.1=N  rmsd=  NaN  rwp=3.992  pearson=0.470  all=N
      mp-1225183  comp=Y  sg@0.1=N  rmsd=  NaN  rwp=14.046  pearson=0.325  all=N
      mp-1094830  comp=Y  sg@0.1=N  rmsd=  NaN  rwp=7.482  pearson=0.161  all=N
       mp-849335  comp=Y  sg@0.1=N  rmsd=  NaN  rwp=16.985  pearson=0.037  all=N
       mp-758558  comp=Y  sg@0.1=N  rmsd=  NaN  rwp=5.523  pearson=0.489  all=N
      mp-1207672  comp=Y  sg@0.1=N  rmsd=  NaN  rwp=9.086  pearson=0.644  all=N
         mp-2452  comp=Y  sg@0.1=N  rmsd=  NaN  rwp=22.433  pearson=0.526  all=N
        mp-12398  comp=Y  sg@0.1=N  rmsd=  NaN  rwp=3.052  pearson=0.657  all=N
      mp-1101094  comp=Y  sg@0.1=N  rmsd=  NaN  rwp=1.864  pearson=0.416  all=N
      mp-1218090  comp=Y  sg@0.1=N  rmsd=  NaN  rwp=0.826  pearson=0.630  all=N
       mp-972370  comp=Y  sg@0.1=N  rmsd=  NaN  rwp=25.405  pearson=-0.003  all=N
      mp-1224851  comp=Y  sg@0.1=N  rmsd=  NaN  rwp=19.740  pearson=0.310  all=N
      mp-1222864  comp=Y  sg@0.1=N  rmsd=  NaN  rwp=8.134  pearson=0.544  all=N
      mp-1189226  comp=Y  sg@0.1=N  rmsd=  NaN  rwp=6.495  pearson=0.686  all=N
      mp-1225753  comp=Y  sg@0.1=N  rmsd=  NaN  rwp=11.093  pearson=-0.012  all=N
Wrote per-sample flags to paper/phase15_results/v22_indexer_unknown_s1.per_sample.jsonl

--- Aggregate Metrics ---
                               n: 1000
          composition_match_rate: 1.0000
                       rmsd_mean: 0.0687
                     rmsd_median: 0.0353
   match_rate (StructureMatcher): 0.0140
                        rwp_mean: 12.2165
                    pearson_mean: 0.4061
            headline_all_correct: 0.0020
                   sg_match@0.01: 0.0150
                   sg_match@0.05: 0.0140
                    sg_match@0.1: 0.0170
                    sg_match@0.2: 0.0150

Wrote aggregate metrics to paper/phase15_results/v22_indexer_unknown_s1.json
