Loaded checkpoint: step=100000, d_model=256, predict_x0=True, lat_head=Aux, sg_head=False
Phase 4.1: ensemble n_samples=20, eta=0.0
Phase 4.2: Rietveld refinement steps=200, lr=0.001, refine_lattice=False

  val = self.func(instance)

  val = self.func(instance)

                                                                       
Aux-head lattice MAE vs true (a,b,c in Å, α,β,γ in °):
  a=1.239  b=1.076  c=1.538  α=13.68  β=12.36  γ=18.98
Aux-head lattice validity: 997/1000 (99.7%)
Phase 9.1: indexed-cell lattice — 961/1000 covered (96.1%); 39 uncovered scored as MISS
  indexed-cell MAE vs true (covered rows): a=2.236 b=1.610 c=2.320  α=17.57 β=18.41 γ=21.30
Ensemble: 1000 patterns x 20 candidates in chunks of 32 (32 chunks)
Refinement: 200 Adam steps @ lr=0.001, refine_lattice=False
  chunk 3/32 done (sample=17.0s  select=1.3s  refine=4.8s)
  chunk 6/32 done (sample=33.8s  select=2.5s  refine=8.4s)
  chunk 9/32 done (sample=50.6s  select=3.8s  refine=11.7s)
  chunk 12/32 done (sample=67.4s  select=5.0s  refine=15.3s)
  chunk 15/32 done (sample=84.3s  select=6.2s  refine=18.8s)
  chunk 18/32 done (sample=101.1s  select=7.4s  refine=22.3s)
  chunk 21/32 done (sample=117.9s  select=8.7s  refine=25.9s)
  chunk 24/32 done (sample=134.8s  select=9.9s  refine=29.5s)
  chunk 27/32 done (sample=151.6s  select=11.1s  refine=33.2s)
  chunk 30/32 done (sample=168.5s  select=12.3s  refine=36.9s)
  chunk 32/32 done (sample=175.5s  select=12.9s  refine=39.3s)
Total: sample=175.5s  select=12.9s  refine=39.3s
Selected-candidate pearson: mean=0.416 median=0.407
Refinement loss avg first->last: 0.5839 -> 0.3647
        mp-10009  comp=Y  sg@0.1=N  rmsd=  NaN  rwp=2.079  pearson=0.550  all=N
      mp-1218989  comp=Y  sg@0.1=N  rmsd=  NaN  rwp=16.176  pearson=0.511  all=N
      mp-1225695  comp=Y  sg@0.1=N  rmsd=  NaN  rwp=25.700  pearson=-0.002  all=N
      mp-1220884  comp=Y  sg@0.1=N  rmsd=  NaN  rwp=4.441  pearson=0.737  all=N
      mp-1224266  comp=Y  sg@0.1=N  rmsd=  NaN  rwp=9.660  pearson=0.159  all=N
      mp-1002572  comp=Y  sg@0.1=N  rmsd=  NaN  rwp=9.383  pearson=0.864  all=N
       mp-626680  comp=Y  sg@0.1=N  rmsd=  NaN  rwp=13.127  pearson=-0.005  all=N
      mp-1228956  comp=Y  sg@0.1=N  rmsd=  NaN  rwp=7.461  pearson=0.180  all=N
      mp-1219335  comp=Y  sg@0.1=N  rmsd=  NaN  rwp=8.974  pearson=0.507  all=N
      mp-1219027  comp=Y  sg@0.1=N  rmsd=  NaN  rwp=8.452  pearson=0.061  all=N
       mp-867922  comp=Y  sg@0.1=N  rmsd=  NaN  rwp=21.631  pearson=-0.008  all=N
         mp-4073  comp=Y  sg@0.1=N  rmsd=  NaN  rwp=13.920  pearson=0.414  all=N
        mp-11131  comp=Y  sg@0.1=N  rmsd=  NaN  rwp=5.895  pearson=0.442  all=N
      mp-1215627  comp=Y  sg@0.1=N  rmsd=  NaN  rwp=5.572  pearson=0.517  all=N
      mp-1223834  comp=Y  sg@0.1=N  rmsd=  NaN  rwp=14.829  pearson=0.453  all=N
      mp-1516449  comp=Y  sg@0.1=N  rmsd=  NaN  rwp=24.342  pearson=-0.006  all=N
      mp-1225183  comp=Y  sg@0.1=N  rmsd=  NaN  rwp=21.169  pearson=0.019  all=N
      mp-1094830  comp=Y  sg@0.1=N  rmsd=  NaN  rwp=5.359  pearson=0.294  all=N
       mp-849335  comp=Y  sg@0.1=N  rmsd=  NaN  rwp=16.202  pearson=0.022  all=N
       mp-758558  comp=Y  sg@0.1=N  rmsd=  NaN  rwp=6.971  pearson=0.696  all=N
      mp-1207672  comp=Y  sg@0.1=N  rmsd=  NaN  rwp=12.570  pearson=0.582  all=N
         mp-2452  comp=Y  sg@0.1=N  rmsd=  NaN  rwp=13.803  pearson=0.091  all=N
        mp-12398  comp=Y  sg@0.1=N  rmsd=  NaN  rwp=3.084  pearson=0.776  all=N
      mp-1101094  comp=Y  sg@0.1=N  rmsd=  NaN  rwp=1.946  pearson=0.849  all=N
      mp-1218090  comp=Y  sg@0.1=N  rmsd=  NaN  rwp=0.877  pearson=0.712  all=N
       mp-972370  comp=Y  sg@0.1=N  rmsd=  NaN  rwp=31.623  pearson=0.067  all=N
      mp-1224851  comp=Y  sg@0.1=N  rmsd=  NaN  rwp=15.808  pearson=0.225  all=N
      mp-1222864  comp=Y  sg@0.1=N  rmsd=  NaN  rwp=10.169  pearson=0.008  all=N
      mp-1189226  comp=Y  sg@0.1=N  rmsd=  NaN  rwp=4.434  pearson=0.686  all=N
      mp-1225753  comp=Y  sg@0.1=N  rmsd=  NaN  rwp=11.911  pearson=0.043  all=N
Wrote per-sample flags to paper/phase15_results/v22_indexer_s2.per_sample.jsonl

--- Aggregate Metrics ---
                               n: 1000
          composition_match_rate: 1.0000
                       rmsd_mean: 0.0554
                     rmsd_median: 0.0330
   match_rate (StructureMatcher): 0.0170
                        rwp_mean: 11.2987
                    pearson_mean: 0.4107
            headline_all_correct: 0.0020
                   sg_match@0.01: 0.0000
                   sg_match@0.05: 0.0010
                    sg_match@0.1: 0.0020
                    sg_match@0.2: 0.0070

Wrote aggregate metrics to paper/phase15_results/v22_indexer_s2.json
