Loaded checkpoint: step=100000, d_model=256, predict_x0=True, lat_head=Aux, sg_head=False
Mode: coord-only eval with ground-truth lattice
Phase 4.1: ensemble n_samples=20, eta=0.0
Phase 4.2: Rietveld refinement steps=200, lr=0.001, refine_lattice=False

  val = self.func(instance)

  val = self.func(instance)

                                                                      
Aux-head lattice MAE vs true (a,b,c in Å, α,β,γ in °):
  a=1.239  b=1.076  c=1.538  α=13.68  β=12.36  γ=18.98
Aux-head lattice validity: 997/1000 (99.7%)
Ensemble: 1000 patterns x 20 candidates in chunks of 32 (32 chunks)
Refinement: 200 Adam steps @ lr=0.001, refine_lattice=False
  chunk 3/32 done (sample=17.0s  select=1.3s  refine=4.9s)
  chunk 6/32 done (sample=33.7s  select=2.5s  refine=8.4s)
  chunk 9/32 done (sample=50.5s  select=3.8s  refine=12.1s)
  chunk 12/32 done (sample=67.4s  select=5.0s  refine=15.7s)
  chunk 15/32 done (sample=84.2s  select=6.2s  refine=19.4s)
  chunk 18/32 done (sample=101.0s  select=7.4s  refine=23.1s)
  chunk 21/32 done (sample=117.8s  select=8.6s  refine=26.6s)
  chunk 24/32 done (sample=134.7s  select=9.9s  refine=30.0s)
  chunk 27/32 done (sample=151.5s  select=11.1s  refine=33.6s)
  chunk 30/32 done (sample=168.3s  select=12.3s  refine=37.0s)
  chunk 32/32 done (sample=175.3s  select=12.8s  refine=39.4s)
Total: sample=175.3s  select=12.8s  refine=39.4s
Selected-candidate pearson: mean=0.686 median=0.706
Refinement loss avg first->last: 0.3118 -> 0.0636
        mp-10009  comp=Y  sg@0.1=N  rmsd=  NaN  rwp=4.834  pearson=0.595  all=N
      mp-1218989  comp=Y  sg@0.1=N  rmsd=  NaN  rwp=0.127  pearson=0.997  all=N
      mp-1225695  comp=Y  sg@0.1=N  rmsd=  NaN  rwp=22.582  pearson=0.402  all=N
      mp-1220884  comp=Y  sg@0.1=N  rmsd=  NaN  rwp=1.804  pearson=0.837  all=N
      mp-1224266  comp=Y  sg@0.1=N  rmsd=  NaN  rwp=2.498  pearson=0.490  all=N
      mp-1002572  comp=Y  sg@0.1=N  rmsd=  NaN  rwp=2.875  pearson=0.939  all=N
       mp-626680  comp=Y  sg@0.1=N  rmsd=  NaN  rwp=15.811  pearson=0.589  all=N
      mp-1228956  comp=Y  sg@0.1=N  rmsd=  NaN  rwp=1.712  pearson=0.385  all=N
      mp-1219335  comp=Y  sg@0.1=N  rmsd=  NaN  rwp=3.815  pearson=0.479  all=N
      mp-1219027  comp=Y  sg@0.1=N  rmsd=  NaN  rwp=8.672  pearson=0.481  all=N
       mp-867922  comp=Y  sg@0.1=N  rmsd=  NaN  rwp=1.187  pearson=0.959  all=N
         mp-4073  comp=Y  sg@0.1=N  rmsd=  NaN  rwp=0.965  pearson=0.827  all=N
        mp-11131  comp=Y  sg@0.1=N  rmsd=  NaN  rwp=1.033  pearson=0.778  all=N
      mp-1215627  comp=Y  sg@0.1=N  rmsd=  NaN  rwp=4.385  pearson=0.454  all=N
      mp-1223834  comp=Y  sg@0.1=N  rmsd=  NaN  rwp=0.605  pearson=0.991  all=N
      mp-1516449  comp=Y  sg@0.1=N  rmsd=  NaN  rwp=3.280  pearson=0.746  all=N
      mp-1225183  comp=Y  sg@0.1=N  rmsd=  NaN  rwp=5.479  pearson=0.652  all=N
      mp-1094830  comp=Y  sg@0.1=N  rmsd=  NaN  rwp=3.665  pearson=0.653  all=N
       mp-849335  comp=Y  sg@0.1=N  rmsd=  NaN  rwp=10.736  pearson=0.218  all=N
       mp-758558  comp=Y  sg@0.1=N  rmsd=  NaN  rwp=1.591  pearson=0.774  all=N
      mp-1207672  comp=Y  sg@0.1=N  rmsd=  NaN  rwp=21.188  pearson=0.599  all=N
         mp-2452  comp=Y  sg@0.1=N  rmsd=  NaN  rwp=2.851  pearson=0.956  all=N
        mp-12398  comp=Y  sg@0.1=N  rmsd=  NaN  rwp=1.422  pearson=0.586  all=N
      mp-1101094  comp=Y  sg@0.1=N  rmsd=  NaN  rwp=1.825  pearson=0.495  all=N
      mp-1218090  comp=Y  sg@0.1=N  rmsd=  NaN  rwp=0.795  pearson=0.666  all=N
       mp-972370  comp=Y  sg@0.1=N  rmsd=  NaN  rwp=17.191  pearson=0.479  all=N
      mp-1224851  comp=Y  sg@0.1=N  rmsd=  NaN  rwp=3.535  pearson=0.265  all=N
      mp-1222864  comp=Y  sg@0.1=N  rmsd=  NaN  rwp=11.792  pearson=0.618  all=N
      mp-1189226  comp=Y  sg@0.1=N  rmsd=  NaN  rwp=8.867  pearson=0.722  all=N
      mp-1225753  comp=Y  sg@0.1=N  rmsd=  NaN  rwp=9.520  pearson=0.362  all=N
Wrote per-sample flags to paper/phase15_results/v22_oracle_s0.per_sample.jsonl

--- Aggregate Metrics ---
                               n: 1000
          composition_match_rate: 1.0000
                       rmsd_mean: 0.0756
                     rmsd_median: 0.0427
   match_rate (StructureMatcher): 0.0530
                        rwp_mean: 5.0704
                    pearson_mean: 0.7084
            headline_all_correct: 0.0100
                   sg_match@0.01: 0.0180
                   sg_match@0.05: 0.0170
                    sg_match@0.1: 0.0240
                    sg_match@0.2: 0.0270

Wrote aggregate metrics to paper/phase15_results/v22_oracle_s0.json
