Loaded checkpoint: step=100000, d_model=256, predict_x0=True, lat_head=Aux, sg_head=False
Mode: coord-only eval with ground-truth lattice
Phase 4.1: ensemble n_samples=20, eta=0.0
Phase 4.2: Rietveld refinement steps=200, lr=0.001, refine_lattice=False

  val = self.func(instance)

  val = self.func(instance)

                                                                       
Aux-head lattice MAE vs true (a,b,c in Å, α,β,γ in °):
  a=1.239  b=1.076  c=1.538  α=13.68  β=12.36  γ=18.98
Aux-head lattice validity: 997/1000 (99.7%)
Ensemble: 1000 patterns x 20 candidates in chunks of 32 (32 chunks)
Refinement: 200 Adam steps @ lr=0.001, refine_lattice=False
  chunk 3/32 done (sample=17.0s  select=1.3s  refine=4.7s)
  chunk 6/32 done (sample=33.8s  select=2.5s  refine=8.3s)
  chunk 9/32 done (sample=50.6s  select=3.8s  refine=11.8s)
  chunk 12/32 done (sample=67.4s  select=5.0s  refine=15.3s)
  chunk 15/32 done (sample=84.3s  select=6.2s  refine=18.8s)
  chunk 18/32 done (sample=101.1s  select=7.4s  refine=22.3s)
  chunk 21/32 done (sample=117.9s  select=8.7s  refine=25.9s)
  chunk 24/32 done (sample=134.8s  select=9.9s  refine=29.1s)
  chunk 27/32 done (sample=151.6s  select=11.1s  refine=32.6s)
  chunk 30/32 done (sample=168.5s  select=12.3s  refine=36.3s)
  chunk 32/32 done (sample=175.5s  select=12.9s  refine=38.7s)
Total: sample=175.5s  select=12.9s  refine=38.7s
Selected-candidate pearson: mean=0.688 median=0.720
Refinement loss avg first->last: 0.3109 -> 0.0642
        mp-10009  comp=Y  sg@0.1=N  rmsd=  NaN  rwp=7.270  pearson=0.617  all=N
      mp-1218989  comp=Y  sg@0.1=N  rmsd=  NaN  rwp=0.248  pearson=0.986  all=N
      mp-1225695  comp=Y  sg@0.1=N  rmsd=0.015  rwp=0.085  pearson=1.000  all=N
      mp-1220884  comp=Y  sg@0.1=N  rmsd=  NaN  rwp=4.446  pearson=0.748  all=N
      mp-1224266  comp=Y  sg@0.1=N  rmsd=  NaN  rwp=3.245  pearson=0.423  all=N
      mp-1002572  comp=Y  sg@0.1=N  rmsd=  NaN  rwp=14.372  pearson=0.741  all=N
       mp-626680  comp=Y  sg@0.1=N  rmsd=  NaN  rwp=10.921  pearson=0.813  all=N
      mp-1228956  comp=Y  sg@0.1=N  rmsd=  NaN  rwp=4.225  pearson=0.574  all=N
      mp-1219335  comp=Y  sg@0.1=N  rmsd=  NaN  rwp=3.736  pearson=0.484  all=N
      mp-1219027  comp=Y  sg@0.1=N  rmsd=  NaN  rwp=11.329  pearson=0.527  all=N
       mp-867922  comp=Y  sg@0.1=N  rmsd=  NaN  rwp=1.568  pearson=0.823  all=N
         mp-4073  comp=Y  sg@0.1=N  rmsd=  NaN  rwp=6.966  pearson=0.583  all=N
        mp-11131  comp=Y  sg@0.1=N  rmsd=  NaN  rwp=0.866  pearson=0.840  all=N
      mp-1215627  comp=Y  sg@0.1=N  rmsd=  NaN  rwp=7.667  pearson=0.564  all=N
      mp-1223834  comp=Y  sg@0.1=N  rmsd=  NaN  rwp=0.968  pearson=0.950  all=N
      mp-1516449  comp=Y  sg@0.1=N  rmsd=  NaN  rwp=3.270  pearson=0.623  all=N
      mp-1225183  comp=Y  sg@0.1=N  rmsd=  NaN  rwp=4.978  pearson=0.648  all=N
      mp-1094830  comp=Y  sg@0.1=N  rmsd=  NaN  rwp=2.254  pearson=0.682  all=N
       mp-849335  comp=Y  sg@0.1=N  rmsd=  NaN  rwp=7.667  pearson=0.687  all=N
       mp-758558  comp=Y  sg@0.1=N  rmsd=  NaN  rwp=2.351  pearson=0.781  all=N
      mp-1207672  comp=Y  sg@0.1=N  rmsd=  NaN  rwp=16.841  pearson=0.263  all=N
         mp-2452  comp=Y  sg@0.1=N  rmsd=  NaN  rwp=3.174  pearson=0.966  all=N
        mp-12398  comp=Y  sg@0.1=N  rmsd=  NaN  rwp=2.887  pearson=0.785  all=N
      mp-1101094  comp=Y  sg@0.1=N  rmsd=  NaN  rwp=1.933  pearson=0.866  all=N
      mp-1218090  comp=Y  sg@0.1=N  rmsd=  NaN  rwp=0.839  pearson=0.718  all=N
       mp-972370  comp=Y  sg@0.1=N  rmsd=  NaN  rwp=17.999  pearson=0.424  all=N
      mp-1224851  comp=Y  sg@0.1=N  rmsd=  NaN  rwp=2.753  pearson=0.565  all=N
      mp-1222864  comp=Y  sg@0.1=N  rmsd=  NaN  rwp=19.577  pearson=0.467  all=N
      mp-1189226  comp=Y  sg@0.1=N  rmsd=  NaN  rwp=2.418  pearson=0.688  all=N
      mp-1225753  comp=Y  sg@0.1=N  rmsd=  NaN  rwp=9.667  pearson=0.520  all=N
Wrote per-sample flags to paper/phase15_results/v22_oracle_s2.per_sample.jsonl

--- Aggregate Metrics ---
                               n: 1000
          composition_match_rate: 1.0000
                       rmsd_mean: 0.0909
                     rmsd_median: 0.0465
   match_rate (StructureMatcher): 0.0550
                        rwp_mean: 5.0782
                    pearson_mean: 0.7161
            headline_all_correct: 0.0060
                   sg_match@0.01: 0.0170
                   sg_match@0.05: 0.0170
                    sg_match@0.1: 0.0190
                    sg_match@0.2: 0.0280

Wrote aggregate metrics to paper/phase15_results/v22_oracle_s2.json
