Loaded checkpoint: step=100000, d_model=256, predict_x0=True, lat_head=Aux, sg_head=False
Phase 4.1: ensemble n_samples=20, eta=0.0
Phase 4.2: Rietveld refinement steps=200, lr=0.001, refine_lattice=False

  val = self.func(instance)

  val = self.func(instance)

                                                                       
Aux-head lattice MAE vs true (a,b,c in Å, α,β,γ in °):
  a=1.239  b=1.076  c=1.538  α=13.68  β=12.36  γ=18.98
Aux-head lattice validity: 997/1000 (99.7%)
Phase 9.1: indexed-cell lattice — 1000/1000 covered (100.0%); 0 uncovered scored as MISS
  indexed-cell MAE vs true (covered rows): a=1.150 b=1.061 c=1.406  α=14.08 β=12.97 γ=19.28
Ensemble: 1000 patterns x 20 candidates in chunks of 32 (32 chunks)
Refinement: 200 Adam steps @ lr=0.001, refine_lattice=False
  chunk 3/32 done (sample=17.0s  select=1.3s  refine=4.8s)
  chunk 6/32 done (sample=33.8s  select=2.5s  refine=8.5s)
  chunk 9/32 done (sample=50.6s  select=3.7s  refine=11.7s)
  chunk 12/32 done (sample=67.4s  select=5.0s  refine=15.3s)
  chunk 15/32 done (sample=84.2s  select=6.2s  refine=18.8s)
  chunk 18/32 done (sample=101.1s  select=7.4s  refine=22.4s)
  chunk 21/32 done (sample=117.9s  select=8.6s  refine=25.7s)
  chunk 24/32 done (sample=134.8s  select=9.9s  refine=29.1s)
  chunk 27/32 done (sample=151.6s  select=11.1s  refine=32.6s)
  chunk 30/32 done (sample=168.5s  select=12.3s  refine=36.1s)
  chunk 32/32 done (sample=175.5s  select=12.8s  refine=38.5s)
Total: sample=175.5s  select=12.8s  refine=38.5s
Selected-candidate pearson: mean=0.076 median=0.029
Refinement loss avg first->last: 0.9231 -> 0.7104
        mp-10009  comp=Y  sg@0.1=N  rmsd=  NaN  rwp=13.953  pearson=0.039  all=N
      mp-1218989  comp=Y  sg@0.1=N  rmsd=  NaN  rwp=21.364  pearson=0.035  all=N
      mp-1225695  comp=Y  sg@0.1=N  rmsd=  NaN  rwp=38.306  pearson=-0.015  all=N
      mp-1220884  comp=Y  sg@0.1=N  rmsd=  NaN  rwp=19.702  pearson=-0.007  all=N
      mp-1224266  comp=Y  sg@0.1=N  rmsd=  NaN  rwp=7.423  pearson=0.064  all=N
      mp-1002572  comp=Y  sg@0.1=N  rmsd=  NaN  rwp=17.179  pearson=0.081  all=N
       mp-626680  comp=Y  sg@0.1=N  rmsd=  NaN  rwp=24.811  pearson=0.030  all=N
      mp-1228956  comp=Y  sg@0.1=N  rmsd=  NaN  rwp=16.308  pearson=-0.004  all=N
      mp-1219335  comp=Y  sg@0.1=N  rmsd=  NaN  rwp=21.126  pearson=0.006  all=N
      mp-1219027  comp=Y  sg@0.1=N  rmsd=  NaN  rwp=11.726  pearson=0.211  all=N
       mp-867922  comp=Y  sg@0.1=N  rmsd=  NaN  rwp=28.125  pearson=0.062  all=N
         mp-4073  comp=Y  sg@0.1=N  rmsd=  NaN  rwp=21.014  pearson=-0.013  all=N
        mp-11131  comp=Y  sg@0.1=N  rmsd=  NaN  rwp=8.085  pearson=0.350  all=N
      mp-1215627  comp=Y  sg@0.1=N  rmsd=  NaN  rwp=22.289  pearson=0.062  all=N
      mp-1223834  comp=Y  sg@0.1=N  rmsd=  NaN  rwp=16.842  pearson=-0.016  all=N
      mp-1516449  comp=Y  sg@0.1=N  rmsd=  NaN  rwp=16.014  pearson=0.045  all=N
      mp-1225183  comp=Y  sg@0.1=N  rmsd=  NaN  rwp=25.698  pearson=0.189  all=N
      mp-1094830  comp=Y  sg@0.1=N  rmsd=  NaN  rwp=28.414  pearson=0.124  all=N
       mp-849335  comp=Y  sg@0.1=N  rmsd=  NaN  rwp=6.061  pearson=0.215  all=N
       mp-758558  comp=Y  sg@0.1=N  rmsd=  NaN  rwp=12.297  pearson=0.014  all=N
      mp-1207672  comp=Y  sg@0.1=N  rmsd=  NaN  rwp=16.363  pearson=-0.007  all=N
         mp-2452  comp=Y  sg@0.1=N  rmsd=  NaN  rwp=15.663  pearson=0.132  all=N
        mp-12398  comp=Y  sg@0.1=N  rmsd=  NaN  rwp=13.781  pearson=0.078  all=N
      mp-1101094  comp=Y  sg@0.1=N  rmsd=  NaN  rwp=11.277  pearson=0.080  all=N
      mp-1218090  comp=Y  sg@0.1=N  rmsd=  NaN  rwp=15.262  pearson=0.142  all=N
       mp-972370  comp=Y  sg@0.1=N  rmsd=  NaN  rwp=20.798  pearson=0.006  all=N
      mp-1224851  comp=Y  sg@0.1=N  rmsd=  NaN  rwp=15.486  pearson=0.001  all=N
      mp-1222864  comp=Y  sg@0.1=N  rmsd=  NaN  rwp=18.537  pearson=0.283  all=N
      mp-1189226  comp=Y  sg@0.1=N  rmsd=  NaN  rwp=17.419  pearson=0.014  all=N
      mp-1225753  comp=Y  sg@0.1=N  rmsd=  NaN  rwp=11.726  pearson=0.447  all=N
Wrote per-sample flags to paper/phase15_results/v22_pool_attnpool_s1.per_sample.jsonl

--- Aggregate Metrics ---
                               n: 1000
          composition_match_rate: 1.0000
                       rmsd_mean: 0.2388
                     rmsd_median: 0.2539
   match_rate (StructureMatcher): 0.0060
                        rwp_mean: 18.5785
                    pearson_mean: 0.0821
            headline_all_correct: 0.0000
                   sg_match@0.01: 0.0150
                   sg_match@0.05: 0.0140
                    sg_match@0.1: 0.0130
                    sg_match@0.2: 0.0100

Wrote aggregate metrics to paper/phase15_results/v22_pool_attnpool_s1.json
