Loaded checkpoint: step=100000, d_model=256, predict_x0=True, lat_head=Aux, sg_head=False
Phase 4.1: ensemble n_samples=20, eta=0.0
Phase 4.2: Rietveld refinement steps=200, lr=0.001, refine_lattice=False

  val = self.func(instance)

  val = self.func(instance)

                                                                       
Aux-head lattice MAE vs true (a,b,c in Å, α,β,γ in °):
  a=1.239  b=1.076  c=1.538  α=13.68  β=12.36  γ=18.98
Aux-head lattice validity: 997/1000 (99.7%)
Phase 9.1: indexed-cell lattice — 1000/1000 covered (100.0%); 0 uncovered scored as MISS
  indexed-cell MAE vs true (covered rows): a=1.238 b=1.095 c=1.551  α=14.07 β=12.79 γ=19.70
Ensemble: 1000 patterns x 20 candidates in chunks of 32 (32 chunks)
Refinement: 200 Adam steps @ lr=0.001, refine_lattice=False
  chunk 3/32 done (sample=17.0s  select=1.3s  refine=4.8s)
  chunk 6/32 done (sample=33.8s  select=2.5s  refine=7.8s)
  chunk 9/32 done (sample=50.6s  select=3.7s  refine=11.0s)
  chunk 12/32 done (sample=67.4s  select=5.0s  refine=14.1s)
  chunk 15/32 done (sample=84.3s  select=6.2s  refine=17.1s)
  chunk 18/32 done (sample=101.1s  select=7.4s  refine=20.2s)
  chunk 21/32 done (sample=117.9s  select=8.6s  refine=23.3s)
  chunk 24/32 done (sample=134.8s  select=9.9s  refine=26.9s)
  chunk 27/32 done (sample=151.6s  select=11.1s  refine=30.5s)
  chunk 30/32 done (sample=168.5s  select=12.3s  refine=34.1s)
  chunk 32/32 done (sample=175.5s  select=12.8s  refine=36.4s)
Total: sample=175.5s  select=12.8s  refine=36.4s
Selected-candidate pearson: mean=0.076 median=0.025
Refinement loss avg first->last: 0.9253 -> 0.7262
/opt/conda/lib/python3.11/site-packages/pymatgen/core/lattice.py:1109: RuntimeWarning: invalid value encountered in divide
  u[s - 1, : (s - 1)] = np.dot(a[:, s - 1].T, b[:, : (s - 1)]) / m[: (s - 1)]
        mp-10009  comp=Y  sg@0.1=N  rmsd=  NaN  rwp=14.106  pearson=0.002  all=N
      mp-1218989  comp=Y  sg@0.1=N  rmsd=  NaN  rwp=19.326  pearson=0.042  all=N
      mp-1225695  comp=Y  sg@0.1=N  rmsd=0.228  rwp=26.743  pearson=-0.008  all=N
      mp-1220884  comp=Y  sg@0.1=N  rmsd=  NaN  rwp=20.237  pearson=0.390  all=N
      mp-1224266  comp=Y  sg@0.1=N  rmsd=  NaN  rwp=9.698  pearson=0.046  all=N
      mp-1002572  comp=Y  sg@0.1=N  rmsd=  NaN  rwp=7.764  pearson=0.096  all=N
       mp-626680  comp=Y  sg@0.1=N  rmsd=  NaN  rwp=13.958  pearson=0.039  all=N
      mp-1228956  comp=Y  sg@0.1=N  rmsd=  NaN  rwp=18.351  pearson=0.112  all=N
      mp-1219335  comp=Y  sg@0.1=N  rmsd=  NaN  rwp=10.011  pearson=0.122  all=N
      mp-1219027  comp=Y  sg@0.1=N  rmsd=  NaN  rwp=10.436  pearson=0.044  all=N
       mp-867922  comp=Y  sg@0.1=N  rmsd=  NaN  rwp=23.639  pearson=0.189  all=N
         mp-4073  comp=Y  sg@0.1=N  rmsd=  NaN  rwp=19.895  pearson=-0.020  all=N
        mp-11131  comp=Y  sg@0.1=N  rmsd=  NaN  rwp=10.931  pearson=0.002  all=N
      mp-1215627  comp=Y  sg@0.1=N  rmsd=  NaN  rwp=17.274  pearson=0.035  all=N
      mp-1223834  comp=Y  sg@0.1=N  rmsd=  NaN  rwp=15.256  pearson=0.065  all=N
      mp-1516449  comp=Y  sg@0.1=N  rmsd=  NaN  rwp=18.837  pearson=-0.000  all=N
      mp-1225183  comp=Y  sg@0.1=N  rmsd=  NaN  rwp=20.803  pearson=0.063  all=N
      mp-1094830  comp=Y  sg@0.1=N  rmsd=  NaN  rwp=23.894  pearson=-0.012  all=N
       mp-849335  comp=Y  sg@0.1=N  rmsd=  NaN  rwp=11.589  pearson=0.065  all=N
       mp-758558  comp=Y  sg@0.1=N  rmsd=  NaN  rwp=17.781  pearson=-0.004  all=N
      mp-1207672  comp=Y  sg@0.1=N  rmsd=  NaN  rwp=30.915  pearson=0.237  all=N
         mp-2452  comp=Y  sg@0.1=N  rmsd=  NaN  rwp=22.596  pearson=0.039  all=N
        mp-12398  comp=Y  sg@0.1=N  rmsd=  NaN  rwp=20.493  pearson=0.182  all=N
      mp-1101094  comp=Y  sg@0.1=N  rmsd=  NaN  rwp=12.160  pearson=0.026  all=N
      mp-1218090  comp=Y  sg@0.1=N  rmsd=  NaN  rwp=17.732  pearson=0.203  all=N
       mp-972370  comp=Y  sg@0.1=N  rmsd=  NaN  rwp=31.764  pearson=-0.013  all=N
      mp-1224851  comp=Y  sg@0.1=N  rmsd=  NaN  rwp=33.376  pearson=-0.019  all=N
      mp-1222864  comp=Y  sg@0.1=N  rmsd=  NaN  rwp=15.823  pearson=0.043  all=N
      mp-1189226  comp=Y  sg@0.1=N  rmsd=  NaN  rwp=20.481  pearson=0.062  all=N
      mp-1225753  comp=Y  sg@0.1=N  rmsd=  NaN  rwp=9.745  pearson=0.057  all=N
Wrote per-sample flags to paper/phase15_results/v22_pool_gpool_s1.per_sample.jsonl

--- Aggregate Metrics ---
                               n: 1000
          composition_match_rate: 1.0000
                       rmsd_mean: 0.2115
                     rmsd_median: 0.2465
   match_rate (StructureMatcher): 0.0060
                        rwp_mean: 18.1689
                    pearson_mean: 0.0777
            headline_all_correct: 0.0000
                   sg_match@0.01: 0.0150
                   sg_match@0.05: 0.0140
                    sg_match@0.1: 0.0140
                    sg_match@0.2: 0.0100

Wrote aggregate metrics to paper/phase15_results/v22_pool_gpool_s1.json
