Loaded checkpoint: step=100000, d_model=256, predict_x0=True, lat_head=Aux, sg_head=False
Phase 4.1: ensemble n_samples=20, eta=0.0
Phase 4.2: Rietveld refinement steps=200, lr=0.001, refine_lattice=False

  val = self.func(instance)

  val = self.func(instance)

                                                                       
Aux-head lattice MAE vs true (a,b,c in Å, α,β,γ in °):
  a=1.239  b=1.076  c=1.538  α=13.68  β=12.36  γ=18.98
Aux-head lattice validity: 997/1000 (99.7%)
Phase 9.1: indexed-cell lattice — 1000/1000 covered (100.0%); 0 uncovered scored as MISS
  indexed-cell MAE vs true (covered rows): a=1.233 b=1.083 c=1.535  α=14.04 β=12.69 γ=19.53
Ensemble: 1000 patterns x 20 candidates in chunks of 32 (32 chunks)
Refinement: 200 Adam steps @ lr=0.001, refine_lattice=False
  chunk 3/32 done (sample=17.0s  select=1.3s  refine=4.5s)
  chunk 6/32 done (sample=33.8s  select=2.5s  refine=8.1s)
  chunk 9/32 done (sample=50.6s  select=3.7s  refine=11.1s)
  chunk 12/32 done (sample=67.4s  select=5.0s  refine=14.7s)
  chunk 15/32 done (sample=84.2s  select=6.2s  refine=18.3s)
  chunk 18/32 done (sample=101.1s  select=7.4s  refine=22.1s)
  chunk 21/32 done (sample=117.9s  select=8.6s  refine=25.9s)
  chunk 24/32 done (sample=134.7s  select=9.9s  refine=29.4s)
  chunk 27/32 done (sample=151.6s  select=11.1s  refine=32.9s)
  chunk 30/32 done (sample=168.4s  select=12.3s  refine=36.6s)
  chunk 32/32 done (sample=175.4s  select=12.8s  refine=38.8s)
Total: sample=175.4s  select=12.8s  refine=38.8s
Selected-candidate pearson: mean=0.082 median=0.024
Refinement loss avg first->last: 0.9178 -> 0.7190
/opt/conda/lib/python3.11/site-packages/pymatgen/core/lattice.py:1109: RuntimeWarning: invalid value encountered in divide
  u[s - 1, : (s - 1)] = np.dot(a[:, s - 1].T, b[:, : (s - 1)]) / m[: (s - 1)]
        mp-10009  comp=Y  sg@0.1=N  rmsd=  NaN  rwp=13.908  pearson=0.044  all=N
      mp-1218989  comp=Y  sg@0.1=N  rmsd=  NaN  rwp=21.097  pearson=0.006  all=N
      mp-1225695  comp=Y  sg@0.1=N  rmsd=  NaN  rwp=20.828  pearson=-0.008  all=N
      mp-1220884  comp=Y  sg@0.1=N  rmsd=  NaN  rwp=5.440  pearson=0.151  all=N
      mp-1224266  comp=Y  sg@0.1=N  rmsd=  NaN  rwp=12.314  pearson=0.168  all=N
      mp-1002572  comp=Y  sg@0.1=N  rmsd=  NaN  rwp=20.725  pearson=0.003  all=N
       mp-626680  comp=Y  sg@0.1=N  rmsd=  NaN  rwp=16.816  pearson=-0.011  all=N
      mp-1228956  comp=Y  sg@0.1=N  rmsd=  NaN  rwp=17.892  pearson=-0.019  all=N
      mp-1219335  comp=Y  sg@0.1=N  rmsd=  NaN  rwp=9.389  pearson=0.012  all=N
      mp-1219027  comp=Y  sg@0.1=N  rmsd=  NaN  rwp=9.194  pearson=0.031  all=N
       mp-867922  comp=Y  sg@0.1=N  rmsd=  NaN  rwp=25.693  pearson=-0.001  all=N
         mp-4073  comp=Y  sg@0.1=N  rmsd=  NaN  rwp=20.945  pearson=0.016  all=N
        mp-11131  comp=Y  sg@0.1=N  rmsd=  NaN  rwp=6.618  pearson=0.069  all=N
      mp-1215627  comp=Y  sg@0.1=N  rmsd=  NaN  rwp=12.412  pearson=0.013  all=N
      mp-1223834  comp=Y  sg@0.1=N  rmsd=  NaN  rwp=13.481  pearson=-0.010  all=N
      mp-1516449  comp=Y  sg@0.1=N  rmsd=  NaN  rwp=33.561  pearson=-0.007  all=N
      mp-1225183  comp=Y  sg@0.1=N  rmsd=  NaN  rwp=27.784  pearson=0.063  all=N
      mp-1094830  comp=Y  sg@0.1=N  rmsd=  NaN  rwp=20.264  pearson=0.132  all=N
       mp-849335  comp=Y  sg@0.1=N  rmsd=  NaN  rwp=11.185  pearson=0.245  all=N
       mp-758558  comp=Y  sg@0.1=N  rmsd=  NaN  rwp=20.463  pearson=0.104  all=N
      mp-1207672  comp=Y  sg@0.1=N  rmsd=  NaN  rwp=16.968  pearson=-0.007  all=N
         mp-2452  comp=Y  sg@0.1=N  rmsd=  NaN  rwp=18.228  pearson=-0.001  all=N
        mp-12398  comp=Y  sg@0.1=N  rmsd=  NaN  rwp=13.192  pearson=0.042  all=N
      mp-1101094  comp=Y  sg@0.1=N  rmsd=  NaN  rwp=10.876  pearson=-0.007  all=N
      mp-1218090  comp=Y  sg@0.1=N  rmsd=  NaN  rwp=4.966  pearson=0.075  all=N
       mp-972370  comp=Y  sg@0.1=N  rmsd=  NaN  rwp=31.952  pearson=-0.010  all=N
      mp-1224851  comp=Y  sg@0.1=N  rmsd=  NaN  rwp=20.248  pearson=-0.001  all=N
      mp-1222864  comp=Y  sg@0.1=N  rmsd=  NaN  rwp=19.132  pearson=0.010  all=N
      mp-1189226  comp=Y  sg@0.1=N  rmsd=  NaN  rwp=15.719  pearson=0.077  all=N
      mp-1225753  comp=Y  sg@0.1=N  rmsd=  NaN  rwp=10.526  pearson=0.020  all=N
Wrote per-sample flags to paper/phase15_results/v22_pool_peaks_s1.per_sample.jsonl

--- Aggregate Metrics ---
                               n: 1000
          composition_match_rate: 1.0000
                       rmsd_mean: 0.2283
                     rmsd_median: 0.2678
   match_rate (StructureMatcher): 0.0140
                        rwp_mean: 17.9739
                    pearson_mean: 0.0780
            headline_all_correct: 0.0000
                   sg_match@0.01: 0.0150
                   sg_match@0.05: 0.0140
                    sg_match@0.1: 0.0140
                    sg_match@0.2: 0.0120

Wrote aggregate metrics to paper/phase15_results/v22_pool_peaks_s1.json
