Loaded checkpoint: step=100000, d_model=256, predict_x0=True, lat_head=Aux, sg_head=False
Phase 4.1: ensemble n_samples=20, eta=0.0
Phase 4.2: Rietveld refinement steps=200, lr=0.001, refine_lattice=False

  val = self.func(instance)

  val = self.func(instance)

                                                                       
Aux-head lattice MAE vs true (a,b,c in Å, α,β,γ in °):
  a=1.239  b=1.076  c=1.538  α=13.68  β=12.36  γ=18.98
Aux-head lattice validity: 997/1000 (99.7%)
Phase 9.1: indexed-cell lattice — 1000/1000 covered (100.0%); 0 uncovered scored as MISS
  indexed-cell MAE vs true (covered rows): a=1.089 b=0.976 c=1.303  α=13.39 β=12.13 γ=18.40
Ensemble: 1000 patterns x 20 candidates in chunks of 32 (32 chunks)
Refinement: 200 Adam steps @ lr=0.001, refine_lattice=False
  chunk 3/32 done (sample=17.0s  select=1.3s  refine=5.2s)
  chunk 6/32 done (sample=33.8s  select=2.5s  refine=8.9s)
  chunk 9/32 done (sample=50.6s  select=3.8s  refine=12.6s)
  chunk 12/32 done (sample=67.5s  select=5.0s  refine=15.8s)
  chunk 15/32 done (sample=84.3s  select=6.2s  refine=19.4s)
  chunk 18/32 done (sample=101.2s  select=7.4s  refine=23.1s)
  chunk 21/32 done (sample=118.0s  select=8.6s  refine=26.7s)
  chunk 24/32 done (sample=134.8s  select=9.9s  refine=30.3s)
  chunk 27/32 done (sample=151.7s  select=11.1s  refine=34.0s)
  chunk 30/32 done (sample=168.5s  select=12.3s  refine=37.7s)
  chunk 32/32 done (sample=175.6s  select=12.8s  refine=40.1s)
Total: sample=175.6s  select=12.8s  refine=40.1s
Selected-candidate pearson: mean=0.084 median=0.031
Refinement loss avg first->last: 0.9171 -> 0.7123
        mp-10009  comp=Y  sg@0.1=N  rmsd=  NaN  rwp=18.577  pearson=0.027  all=N
      mp-1218989  comp=Y  sg@0.1=N  rmsd=  NaN  rwp=27.696  pearson=0.121  all=N
      mp-1225695  comp=Y  sg@0.1=N  rmsd=  NaN  rwp=24.230  pearson=0.009  all=N
      mp-1220884  comp=Y  sg@0.1=N  rmsd=  NaN  rwp=16.983  pearson=0.026  all=N
      mp-1224266  comp=Y  sg@0.1=N  rmsd=  NaN  rwp=11.847  pearson=0.293  all=N
      mp-1002572  comp=Y  sg@0.1=N  rmsd=  NaN  rwp=26.402  pearson=0.013  all=N
       mp-626680  comp=Y  sg@0.1=N  rmsd=  NaN  rwp=13.208  pearson=-0.011  all=N
      mp-1228956  comp=Y  sg@0.1=N  rmsd=  NaN  rwp=16.629  pearson=-0.016  all=N
      mp-1219335  comp=Y  sg@0.1=N  rmsd=  NaN  rwp=9.553  pearson=0.128  all=N
      mp-1219027  comp=Y  sg@0.1=N  rmsd=  NaN  rwp=18.883  pearson=0.005  all=N
       mp-867922  comp=Y  sg@0.1=N  rmsd=  NaN  rwp=30.997  pearson=0.127  all=N
         mp-4073  comp=Y  sg@0.1=N  rmsd=  NaN  rwp=17.201  pearson=-0.013  all=N
        mp-11131  comp=Y  sg@0.1=N  rmsd=  NaN  rwp=6.158  pearson=0.260  all=N
      mp-1215627  comp=Y  sg@0.1=N  rmsd=  NaN  rwp=16.398  pearson=0.006  all=N
      mp-1223834  comp=Y  sg@0.1=N  rmsd=  NaN  rwp=16.656  pearson=0.032  all=N
      mp-1516449  comp=Y  sg@0.1=N  rmsd=  NaN  rwp=17.427  pearson=0.144  all=N
      mp-1225183  comp=Y  sg@0.1=N  rmsd=  NaN  rwp=17.698  pearson=-0.012  all=N
      mp-1094830  comp=Y  sg@0.1=N  rmsd=  NaN  rwp=16.705  pearson=0.020  all=N
       mp-849335  comp=Y  sg@0.1=N  rmsd=  NaN  rwp=17.299  pearson=0.085  all=N
       mp-758558  comp=Y  sg@0.1=N  rmsd=  NaN  rwp=14.382  pearson=-0.003  all=N
      mp-1207672  comp=Y  sg@0.1=N  rmsd=  NaN  rwp=25.762  pearson=0.302  all=N
         mp-2452  comp=Y  sg@0.1=N  rmsd=  NaN  rwp=15.839  pearson=0.158  all=N
        mp-12398  comp=Y  sg@0.1=N  rmsd=  NaN  rwp=18.014  pearson=0.212  all=N
      mp-1101094  comp=Y  sg@0.1=N  rmsd=  NaN  rwp=13.893  pearson=0.012  all=N
      mp-1218090  comp=Y  sg@0.1=N  rmsd=  NaN  rwp=3.845  pearson=0.153  all=N
       mp-972370  comp=Y  sg@0.1=N  rmsd=  NaN  rwp=13.985  pearson=0.017  all=N
      mp-1224851  comp=Y  sg@0.1=N  rmsd=  NaN  rwp=28.188  pearson=0.284  all=N
      mp-1222864  comp=Y  sg@0.1=N  rmsd=  NaN  rwp=21.126  pearson=0.036  all=N
      mp-1189226  comp=Y  sg@0.1=N  rmsd=  NaN  rwp=23.210  pearson=0.093  all=N
      mp-1225753  comp=Y  sg@0.1=N  rmsd=  NaN  rwp=12.893  pearson=0.235  all=N
Wrote per-sample flags to paper/phase15_results/v22_pool_attnpool30_s2.per_sample.jsonl

--- Aggregate Metrics ---
                               n: 1000
          composition_match_rate: 1.0000
                       rmsd_mean: 0.2616
                     rmsd_median: 0.2699
   match_rate (StructureMatcher): 0.0110
                        rwp_mean: 18.0683
                    pearson_mean: 0.0805
            headline_all_correct: 0.0000
                   sg_match@0.01: 0.0150
                   sg_match@0.05: 0.0140
                    sg_match@0.1: 0.0140
                    sg_match@0.2: 0.0120

Wrote aggregate metrics to paper/phase15_results/v22_pool_attnpool30_s2.json
