Loaded checkpoint: step=100000, d_model=256, predict_x0=True, lat_head=Aux, sg_head=False
Phase 4.1: ensemble n_samples=20, eta=0.0
Phase 4.2: Rietveld refinement steps=200, lr=0.001, refine_lattice=False

  val = self.func(instance)

  val = self.func(instance)

                                                                       
Aux-head lattice MAE vs true (a,b,c in Å, α,β,γ in °):
  a=1.239  b=1.076  c=1.538  α=13.68  β=12.36  γ=18.98
Aux-head lattice validity: 997/1000 (99.7%)
Phase 9.1: indexed-cell lattice — 1000/1000 covered (100.0%); 0 uncovered scored as MISS
  indexed-cell MAE vs true (covered rows): a=1.089 b=0.976 c=1.303  α=13.39 β=12.13 γ=18.40
Ensemble: 1000 patterns x 20 candidates in chunks of 32 (32 chunks)
Refinement: 200 Adam steps @ lr=0.001, refine_lattice=False
  chunk 3/32 done (sample=17.0s  select=1.3s  refine=4.7s)
  chunk 6/32 done (sample=33.8s  select=2.5s  refine=8.4s)
  chunk 9/32 done (sample=50.6s  select=3.8s  refine=12.2s)
  chunk 12/32 done (sample=67.4s  select=5.0s  refine=15.8s)
  chunk 15/32 done (sample=84.3s  select=6.2s  refine=18.8s)
  chunk 18/32 done (sample=101.1s  select=7.4s  refine=22.0s)
  chunk 21/32 done (sample=118.0s  select=8.6s  refine=25.7s)
  chunk 24/32 done (sample=134.8s  select=9.9s  refine=28.9s)
  chunk 27/32 done (sample=151.7s  select=11.1s  refine=32.0s)
  chunk 30/32 done (sample=168.5s  select=12.3s  refine=35.5s)
  chunk 32/32 done (sample=175.5s  select=12.9s  refine=37.9s)
Total: sample=175.5s  select=12.9s  refine=37.9s
Selected-candidate pearson: mean=0.084 median=0.032
Refinement loss avg first->last: 0.9166 -> 0.7123
        mp-10009  comp=Y  sg@0.1=N  rmsd=  NaN  rwp=15.298  pearson=0.028  all=N
      mp-1218989  comp=Y  sg@0.1=N  rmsd=  NaN  rwp=20.697  pearson=0.131  all=N
      mp-1225695  comp=Y  sg@0.1=N  rmsd=  NaN  rwp=24.230  pearson=0.009  all=N
      mp-1220884  comp=Y  sg@0.1=N  rmsd=  NaN  rwp=22.832  pearson=0.039  all=N
      mp-1224266  comp=Y  sg@0.1=N  rmsd=  NaN  rwp=7.433  pearson=0.071  all=N
      mp-1002572  comp=Y  sg@0.1=N  rmsd=  NaN  rwp=28.561  pearson=0.022  all=N
       mp-626680  comp=Y  sg@0.1=N  rmsd=  NaN  rwp=12.950  pearson=-0.009  all=N
      mp-1228956  comp=Y  sg@0.1=N  rmsd=  NaN  rwp=14.111  pearson=-0.019  all=N
      mp-1219335  comp=Y  sg@0.1=N  rmsd=  NaN  rwp=10.705  pearson=0.218  all=N
      mp-1219027  comp=Y  sg@0.1=N  rmsd=  NaN  rwp=13.387  pearson=-0.008  all=N
       mp-867922  comp=Y  sg@0.1=N  rmsd=  NaN  rwp=32.139  pearson=0.132  all=N
         mp-4073  comp=Y  sg@0.1=N  rmsd=  NaN  rwp=20.592  pearson=-0.010  all=N
        mp-11131  comp=Y  sg@0.1=N  rmsd=  NaN  rwp=7.686  pearson=0.242  all=N
      mp-1215627  comp=Y  sg@0.1=N  rmsd=  NaN  rwp=17.770  pearson=0.020  all=N
      mp-1223834  comp=Y  sg@0.1=N  rmsd=  NaN  rwp=13.259  pearson=0.024  all=N
      mp-1516449  comp=Y  sg@0.1=N  rmsd=  NaN  rwp=8.370  pearson=0.066  all=N
      mp-1225183  comp=Y  sg@0.1=N  rmsd=  NaN  rwp=23.552  pearson=-0.011  all=N
      mp-1094830  comp=Y  sg@0.1=N  rmsd=  NaN  rwp=11.991  pearson=-0.000  all=N
       mp-849335  comp=Y  sg@0.1=N  rmsd=  NaN  rwp=12.287  pearson=0.104  all=N
       mp-758558  comp=Y  sg@0.1=N  rmsd=  NaN  rwp=15.517  pearson=-0.006  all=N
      mp-1207672  comp=Y  sg@0.1=N  rmsd=  NaN  rwp=30.804  pearson=0.442  all=N
         mp-2452  comp=Y  sg@0.1=N  rmsd=  NaN  rwp=15.639  pearson=0.088  all=N
        mp-12398  comp=Y  sg@0.1=N  rmsd=  NaN  rwp=20.783  pearson=0.096  all=N
      mp-1101094  comp=Y  sg@0.1=N  rmsd=  NaN  rwp=13.765  pearson=0.061  all=N
      mp-1218090  comp=Y  sg@0.1=N  rmsd=  NaN  rwp=5.100  pearson=0.170  all=N
       mp-972370  comp=Y  sg@0.1=N  rmsd=  NaN  rwp=16.534  pearson=0.020  all=N
      mp-1224851  comp=Y  sg@0.1=N  rmsd=  NaN  rwp=24.284  pearson=0.157  all=N
      mp-1222864  comp=Y  sg@0.1=N  rmsd=  NaN  rwp=15.481  pearson=0.031  all=N
      mp-1189226  comp=Y  sg@0.1=N  rmsd=  NaN  rwp=18.345  pearson=0.102  all=N
      mp-1225753  comp=Y  sg@0.1=N  rmsd=  NaN  rwp=9.790  pearson=0.163  all=N
Wrote per-sample flags to paper/phase15_results/v22_pool_attnpool30_s1.per_sample.jsonl

--- Aggregate Metrics ---
                               n: 1000
          composition_match_rate: 1.0000
                       rmsd_mean: 0.2241
                     rmsd_median: 0.2475
   match_rate (StructureMatcher): 0.0060
                        rwp_mean: 18.0133
                    pearson_mean: 0.0801
            headline_all_correct: 0.0000
                   sg_match@0.01: 0.0150
                   sg_match@0.05: 0.0140
                    sg_match@0.1: 0.0140
                    sg_match@0.2: 0.0110

Wrote aggregate metrics to paper/phase15_results/v22_pool_attnpool30_s1.json
