Loaded checkpoint: step=100000, d_model=256, predict_x0=True, lat_head=Aux, sg_head=False
Phase 4.1: ensemble n_samples=20, eta=0.0
Phase 4.2: Rietveld refinement steps=200, lr=0.001, refine_lattice=False

  val = self.func(instance)

  val = self.func(instance)

                                                                       
Aux-head lattice MAE vs true (a,b,c in Å, α,β,γ in °):
  a=1.239  b=1.076  c=1.538  α=13.68  β=12.36  γ=18.98
Aux-head lattice validity: 997/1000 (99.7%)
Phase 9.1: indexed-cell lattice — 1000/1000 covered (100.0%); 0 uncovered scored as MISS
  indexed-cell MAE vs true (covered rows): a=1.150 b=1.061 c=1.406  α=14.08 β=12.97 γ=19.28
Ensemble: 1000 patterns x 20 candidates in chunks of 32 (32 chunks)
Refinement: 200 Adam steps @ lr=0.001, refine_lattice=False
  chunk 3/32 done (sample=17.0s  select=1.3s  refine=4.8s)
  chunk 6/32 done (sample=33.8s  select=2.5s  refine=8.4s)
  chunk 9/32 done (sample=50.6s  select=3.7s  refine=11.8s)
  chunk 12/32 done (sample=67.4s  select=5.0s  refine=15.3s)
  chunk 15/32 done (sample=84.2s  select=6.2s  refine=18.9s)
  chunk 18/32 done (sample=101.1s  select=7.4s  refine=22.5s)
  chunk 21/32 done (sample=117.9s  select=8.6s  refine=26.0s)
  chunk 24/32 done (sample=134.8s  select=9.9s  refine=29.6s)
  chunk 27/32 done (sample=151.6s  select=11.1s  refine=32.8s)
  chunk 30/32 done (sample=168.5s  select=12.3s  refine=36.3s)
  chunk 32/32 done (sample=175.5s  select=12.8s  refine=38.5s)
Total: sample=175.5s  select=12.8s  refine=38.5s
Selected-candidate pearson: mean=0.075 median=0.027
Refinement loss avg first->last: 0.9247 -> 0.7091
        mp-10009  comp=Y  sg@0.1=N  rmsd=  NaN  rwp=20.167  pearson=0.052  all=N
      mp-1218989  comp=Y  sg@0.1=N  rmsd=  NaN  rwp=30.508  pearson=0.056  all=N
      mp-1225695  comp=Y  sg@0.1=N  rmsd=  NaN  rwp=25.174  pearson=-0.012  all=N
      mp-1220884  comp=Y  sg@0.1=N  rmsd=  NaN  rwp=22.004  pearson=-0.007  all=N
      mp-1224266  comp=Y  sg@0.1=N  rmsd=  NaN  rwp=7.874  pearson=0.155  all=N
      mp-1002572  comp=Y  sg@0.1=N  rmsd=  NaN  rwp=23.911  pearson=0.135  all=N
       mp-626680  comp=Y  sg@0.1=N  rmsd=  NaN  rwp=21.621  pearson=0.023  all=N
      mp-1228956  comp=Y  sg@0.1=N  rmsd=  NaN  rwp=15.677  pearson=-0.009  all=N
      mp-1219335  comp=Y  sg@0.1=N  rmsd=  NaN  rwp=13.642  pearson=0.002  all=N
      mp-1219027  comp=Y  sg@0.1=N  rmsd=  NaN  rwp=9.945  pearson=0.249  all=N
       mp-867922  comp=Y  sg@0.1=N  rmsd=  NaN  rwp=21.968  pearson=0.079  all=N
         mp-4073  comp=Y  sg@0.1=N  rmsd=  NaN  rwp=25.053  pearson=-0.016  all=N
        mp-11131  comp=Y  sg@0.1=N  rmsd=  NaN  rwp=4.767  pearson=0.443  all=N
      mp-1215627  comp=Y  sg@0.1=N  rmsd=  NaN  rwp=12.958  pearson=0.044  all=N
      mp-1223834  comp=Y  sg@0.1=N  rmsd=  NaN  rwp=17.278  pearson=-0.010  all=N
      mp-1516449  comp=Y  sg@0.1=N  rmsd=  NaN  rwp=30.158  pearson=0.025  all=N
      mp-1225183  comp=Y  sg@0.1=N  rmsd=  NaN  rwp=26.668  pearson=0.097  all=N
      mp-1094830  comp=Y  sg@0.1=N  rmsd=  NaN  rwp=16.006  pearson=0.095  all=N
       mp-849335  comp=Y  sg@0.1=N  rmsd=  NaN  rwp=5.861  pearson=0.186  all=N
       mp-758558  comp=Y  sg@0.1=N  rmsd=  NaN  rwp=13.045  pearson=-0.003  all=N
      mp-1207672  comp=Y  sg@0.1=N  rmsd=  NaN  rwp=16.554  pearson=-0.008  all=N
         mp-2452  comp=Y  sg@0.1=N  rmsd=  NaN  rwp=16.726  pearson=0.179  all=N
        mp-12398  comp=Y  sg@0.1=N  rmsd=  NaN  rwp=14.570  pearson=0.096  all=N
      mp-1101094  comp=Y  sg@0.1=N  rmsd=  NaN  rwp=11.525  pearson=0.121  all=N
      mp-1218090  comp=Y  sg@0.1=N  rmsd=  NaN  rwp=20.167  pearson=0.175  all=N
       mp-972370  comp=Y  sg@0.1=N  rmsd=  NaN  rwp=21.220  pearson=0.010  all=N
      mp-1224851  comp=Y  sg@0.1=N  rmsd=  NaN  rwp=15.404  pearson=-0.001  all=N
      mp-1222864  comp=Y  sg@0.1=N  rmsd=  NaN  rwp=27.432  pearson=0.175  all=N
      mp-1189226  comp=Y  sg@0.1=N  rmsd=  NaN  rwp=16.336  pearson=0.023  all=N
      mp-1225753  comp=Y  sg@0.1=N  rmsd=  NaN  rwp=10.746  pearson=0.457  all=N
Wrote per-sample flags to paper/phase15_results/v22_pool_attnpool_s0.per_sample.jsonl

--- Aggregate Metrics ---
                               n: 1000
          composition_match_rate: 1.0000
                       rmsd_mean: 0.2391
                     rmsd_median: 0.2501
   match_rate (StructureMatcher): 0.0060
                        rwp_mean: 18.4437
                    pearson_mean: 0.0830
            headline_all_correct: 0.0000
                   sg_match@0.01: 0.0150
                   sg_match@0.05: 0.0140
                    sg_match@0.1: 0.0140
                    sg_match@0.2: 0.0110

Wrote aggregate metrics to paper/phase15_results/v22_pool_attnpool_s0.json
