Loaded checkpoint: step=100000, d_model=256, predict_x0=True, lat_head=Aux, sg_head=False
Phase 4.1: ensemble n_samples=20, eta=0.0
Phase 4.2: Rietveld refinement steps=200, lr=0.001, refine_lattice=False

  val = self.func(instance)

  val = self.func(instance)

                                                                       
Aux-head lattice MAE vs true (a,b,c in Å, α,β,γ in °):
  a=1.239  b=1.076  c=1.538  α=13.68  β=12.36  γ=18.98
Aux-head lattice validity: 997/1000 (99.7%)
Phase 9.1: indexed-cell lattice — 1000/1000 covered (100.0%); 0 uncovered scored as MISS
  indexed-cell MAE vs true (covered rows): a=1.089 b=0.976 c=1.303  α=13.39 β=12.13 γ=18.40
Ensemble: 1000 patterns x 20 candidates in chunks of 32 (32 chunks)
Refinement: 200 Adam steps @ lr=0.001, refine_lattice=False
  chunk 3/32 done (sample=17.0s  select=1.3s  refine=4.6s)
  chunk 6/32 done (sample=33.8s  select=2.6s  refine=7.7s)
  chunk 9/32 done (sample=50.7s  select=3.8s  refine=10.9s)
  chunk 12/32 done (sample=67.5s  select=5.0s  refine=14.2s)
  chunk 15/32 done (sample=84.4s  select=6.2s  refine=17.3s)
  chunk 18/32 done (sample=101.2s  select=7.5s  refine=20.8s)
  chunk 21/32 done (sample=118.1s  select=8.7s  refine=23.8s)
  chunk 24/32 done (sample=134.9s  select=9.9s  refine=25.7s)
  chunk 27/32 done (sample=151.8s  select=11.1s  refine=27.6s)
  chunk 30/32 done (sample=168.6s  select=12.4s  refine=30.6s)
  chunk 32/32 done (sample=175.7s  select=12.9s  refine=31.9s)
Total: sample=175.7s  select=12.9s  refine=31.9s
Selected-candidate pearson: mean=0.088 median=0.034
Refinement loss avg first->last: 0.9132 -> 0.7099
        mp-10009  comp=Y  sg@0.1=N  rmsd=  NaN  rwp=20.056  pearson=0.035  all=N
      mp-1218989  comp=Y  sg@0.1=N  rmsd=  NaN  rwp=27.993  pearson=0.123  all=N
      mp-1225695  comp=Y  sg@0.1=N  rmsd=  NaN  rwp=24.230  pearson=0.009  all=N
      mp-1220884  comp=Y  sg@0.1=N  rmsd=  NaN  rwp=22.800  pearson=0.042  all=N
      mp-1224266  comp=Y  sg@0.1=N  rmsd=  NaN  rwp=7.575  pearson=0.108  all=N
      mp-1002572  comp=Y  sg@0.1=N  rmsd=  NaN  rwp=15.540  pearson=0.012  all=N
       mp-626680  comp=Y  sg@0.1=N  rmsd=  NaN  rwp=14.029  pearson=-0.012  all=N
      mp-1228956  comp=Y  sg@0.1=N  rmsd=  NaN  rwp=13.910  pearson=-0.018  all=N
      mp-1219335  comp=Y  sg@0.1=N  rmsd=  NaN  rwp=13.775  pearson=0.199  all=N
      mp-1219027  comp=Y  sg@0.1=N  rmsd=  NaN  rwp=12.100  pearson=-0.004  all=N
       mp-867922  comp=Y  sg@0.1=N  rmsd=  NaN  rwp=22.771  pearson=0.118  all=N
         mp-4073  comp=Y  sg@0.1=N  rmsd=  NaN  rwp=19.156  pearson=-0.011  all=N
        mp-11131  comp=Y  sg@0.1=N  rmsd=  NaN  rwp=7.361  pearson=0.182  all=N
      mp-1215627  comp=Y  sg@0.1=N  rmsd=  NaN  rwp=22.525  pearson=0.009  all=N
      mp-1223834  comp=Y  sg@0.1=N  rmsd=  NaN  rwp=15.484  pearson=0.016  all=N
      mp-1516449  comp=Y  sg@0.1=N  rmsd=  NaN  rwp=8.999  pearson=0.193  all=N
      mp-1225183  comp=Y  sg@0.1=N  rmsd=  NaN  rwp=19.115  pearson=-0.013  all=N
      mp-1094830  comp=Y  sg@0.1=N  rmsd=  NaN  rwp=16.118  pearson=-0.004  all=N
       mp-849335  comp=Y  sg@0.1=N  rmsd=  NaN  rwp=13.466  pearson=0.066  all=N
       mp-758558  comp=Y  sg@0.1=N  rmsd=  NaN  rwp=16.133  pearson=-0.008  all=N
      mp-1207672  comp=Y  sg@0.1=N  rmsd=  NaN  rwp=32.860  pearson=0.400  all=N
         mp-2452  comp=Y  sg@0.1=N  rmsd=  NaN  rwp=9.035  pearson=0.273  all=N
        mp-12398  comp=Y  sg@0.1=N  rmsd=  NaN  rwp=20.515  pearson=0.163  all=N
      mp-1101094  comp=Y  sg@0.1=N  rmsd=  NaN  rwp=14.559  pearson=0.008  all=N
      mp-1218090  comp=Y  sg@0.1=N  rmsd=  NaN  rwp=8.152  pearson=0.188  all=N
       mp-972370  comp=Y  sg@0.1=N  rmsd=  NaN  rwp=14.327  pearson=0.006  all=N
      mp-1224851  comp=Y  sg@0.1=N  rmsd=  NaN  rwp=19.922  pearson=0.239  all=N
      mp-1222864  comp=Y  sg@0.1=N  rmsd=  NaN  rwp=14.104  pearson=0.035  all=N
      mp-1189226  comp=Y  sg@0.1=N  rmsd=  NaN  rwp=23.517  pearson=0.097  all=N
      mp-1225753  comp=Y  sg@0.1=N  rmsd=  NaN  rwp=10.460  pearson=0.256  all=N
Wrote per-sample flags to paper/phase15_results/v22_pool_attnpool30_s0.per_sample.jsonl

--- Aggregate Metrics ---
                               n: 1000
          composition_match_rate: 1.0000
                       rmsd_mean: 0.2617
                     rmsd_median: 0.2768
   match_rate (StructureMatcher): 0.0070
                        rwp_mean: 18.0622
                    pearson_mean: 0.0798
            headline_all_correct: 0.0000
                   sg_match@0.01: 0.0150
                   sg_match@0.05: 0.0140
                    sg_match@0.1: 0.0130
                    sg_match@0.2: 0.0110

Wrote aggregate metrics to paper/phase15_results/v22_pool_attnpool30_s0.json
